Archive member included to satisfy reference by file (symbol)

d:/siliconlabs/simplicity studio/developer/toolchains/gnu_arm/12.2.rel1_2023.7/bin/../lib/gcc/arm-none-eabi/12.2.1/thumb/v7e-m+fp/softfp\libgcc.a(_arm_muldf3.o)
                              ./wiseconnect3_sdk_3.4.2/components/device/silabs/si91x/mcu/drivers/unified_api/src/sl_si91x_bjt_temperature_sensor.o (__aeabi_dmul)
d:/siliconlabs/simplicity studio/developer/toolchains/gnu_arm/12.2.rel1_2023.7/bin/../lib/gcc/arm-none-eabi/12.2.1/thumb/v7e-m+fp/softfp\libgcc.a(_arm_addsubdf3.o)
                              ./wiseconnect3_sdk_3.4.2/components/device/silabs/si91x/mcu/drivers/peripheral_drivers/src/clock_update.o (__aeabi_dadd)
d:/siliconlabs/simplicity studio/developer/toolchains/gnu_arm/12.2.rel1_2023.7/bin/../lib/gcc/arm-none-eabi/12.2.1/thumb/v7e-m+fp/softfp\libgcc.a(_arm_muldivdf3.o)
                              ./wiseconnect3_sdk_3.4.2/components/device/silabs/si91x/mcu/drivers/peripheral_drivers/src/clock_update.o (__aeabi_ddiv)
d:/siliconlabs/simplicity studio/developer/toolchains/gnu_arm/12.2.rel1_2023.7/bin/../lib/gcc/arm-none-eabi/12.2.1/thumb/v7e-m+fp/softfp\libgcc.a(_arm_cmpdf2.o)
                              ./wiseconnect3_sdk_3.4.2/components/device/silabs/si91x/mcu/drivers/peripheral_drivers/src/rsi_adc.o (__aeabi_dcmplt)
d:/siliconlabs/simplicity studio/developer/toolchains/gnu_arm/12.2.rel1_2023.7/bin/../lib/gcc/arm-none-eabi/12.2.1/thumb/v7e-m+fp/softfp\libgcc.a(_arm_fixunsdfsi.o)
                              ./wiseconnect3_sdk_3.4.2/components/device/silabs/si91x/mcu/drivers/peripheral_drivers/src/clock_update.o (__aeabi_d2uiz)
d:/siliconlabs/simplicity studio/developer/toolchains/gnu_arm/12.2.rel1_2023.7/bin/../lib/gcc/arm-none-eabi/12.2.1/thumb/v7e-m+fp/softfp\libgcc.a(_aeabi_ldivmod.o)
                              ./simplicity_sdk_2024.12.2/platform/service/sleeptimer/src/sl_sleeptimer.o (__aeabi_ldivmod)
d:/siliconlabs/simplicity studio/developer/toolchains/gnu_arm/12.2.rel1_2023.7/bin/../lib/gcc/arm-none-eabi/12.2.1/thumb/v7e-m+fp/softfp\libgcc.a(_aeabi_uldivmod.o)
                              ./simplicity_sdk_2024.12.2/platform/service/sleeptimer/src/sl_sleeptimer.o (__aeabi_uldivmod)
d:/siliconlabs/simplicity studio/developer/toolchains/gnu_arm/12.2.rel1_2023.7/bin/../lib/gcc/arm-none-eabi/12.2.1/thumb/v7e-m+fp/softfp\libgcc.a(_udivmoddi4.o)
                              d:/siliconlabs/simplicity studio/developer/toolchains/gnu_arm/12.2.rel1_2023.7/bin/../lib/gcc/arm-none-eabi/12.2.1/thumb/v7e-m+fp/softfp\libgcc.a(_aeabi_ldivmod.o) (__udivmoddi4)
d:/siliconlabs/simplicity studio/developer/toolchains/gnu_arm/12.2.rel1_2023.7/bin/../lib/gcc/arm-none-eabi/12.2.1/thumb/v7e-m+fp/softfp\libgcc.a(_dvmd_tls.o)
                              d:/siliconlabs/simplicity studio/developer/toolchains/gnu_arm/12.2.rel1_2023.7/bin/../lib/gcc/arm-none-eabi/12.2.1/thumb/v7e-m+fp/softfp\libgcc.a(_aeabi_ldivmod.o) (__aeabi_ldiv0)
d:/siliconlabs/simplicity studio/developer/toolchains/gnu_arm/12.2.rel1_2023.7/bin/../lib/gcc/arm-none-eabi/12.2.1/thumb/v7e-m+fp/softfp\libc_nano.a(libc_a-assert.o)
                              ./wiseconnect3_sdk_3.4.2/components/device/silabs/si91x/wireless/src/sl_rsi_utility.o (__assert_func)
d:/siliconlabs/simplicity studio/developer/toolchains/gnu_arm/12.2.rel1_2023.7/bin/../lib/gcc/arm-none-eabi/12.2.1/thumb/v7e-m+fp/softfp\libc_nano.a(libc_a-calloc.o)
                              ./wiseconnect3_sdk_3.4.2/components/device/silabs/si91x/wireless/socket/src/sl_si91x_socket_utility.o (calloc)
d:/siliconlabs/simplicity studio/developer/toolchains/gnu_arm/12.2.rel1_2023.7/bin/../lib/gcc/arm-none-eabi/12.2.1/thumb/v7e-m+fp/softfp\libc_nano.a(libc_a-callocr.o)
                              d:/siliconlabs/simplicity studio/developer/toolchains/gnu_arm/12.2.rel1_2023.7/bin/../lib/gcc/arm-none-eabi/12.2.1/thumb/v7e-m+fp/softfp\libc_nano.a(libc_a-calloc.o) (_calloc_r)
d:/siliconlabs/simplicity studio/developer/toolchains/gnu_arm/12.2.rel1_2023.7/bin/../lib/gcc/arm-none-eabi/12.2.1/thumb/v7e-m+fp/softfp\libc_nano.a(libc_a-exit.o)
                              d:/siliconlabs/simplicity studio/developer/toolchains/gnu_arm/12.2.rel1_2023.7/bin/../lib/gcc/arm-none-eabi/12.2.1/thumb/v7e-m+fp/softfp/crt0.o (exit)
d:/siliconlabs/simplicity studio/developer/toolchains/gnu_arm/12.2.rel1_2023.7/bin/../lib/gcc/arm-none-eabi/12.2.1/thumb/v7e-m+fp/softfp\libc_nano.a(libc_a-malloc.o)
                              ./wiseconnect3_sdk_3.4.2/components/device/silabs/si91x/wireless/firmware_upgrade/firmware_upgradation.o (malloc)
d:/siliconlabs/simplicity studio/developer/toolchains/gnu_arm/12.2.rel1_2023.7/bin/../lib/gcc/arm-none-eabi/12.2.1/thumb/v7e-m+fp/softfp\libc_nano.a(libc_a-mallocr.o)
                              d:/siliconlabs/simplicity studio/developer/toolchains/gnu_arm/12.2.rel1_2023.7/bin/../lib/gcc/arm-none-eabi/12.2.1/thumb/v7e-m+fp/softfp\libc_nano.a(libc_a-callocr.o) (_malloc_r)
[...]
Memory Configuration

Name             Origin             Length             Attributes
rom              0x08202000         0x001fe000         xr
ram              0x00000400         0x0002f800         xrw
udma0            0x0002fc00         0x00000400         xrw
udma1            0x24061c00         0x00000400         xrw
*default*        0x00000000         0xffffffff

Linker script and memory map

LOAD d:/siliconlabs/simplicity studio/developer/toolchains/gnu_arm/12.2.rel1_2023.7/bin/../lib/gcc/arm-none-eabi/12.2.1/thumb/v7e-m+fp/softfp/crti.o
LOAD d:/siliconlabs/simplicity studio/developer/toolchains/gnu_arm/12.2.rel1_2023.7/bin/../lib/gcc/arm-none-eabi/12.2.1/thumb/v7e-m+fp/softfp/crtbegin.o
LOAD d:/siliconlabs/simplicity studio/developer/toolchains/gnu_arm/12.2.rel1_2023.7/bin/../lib/gcc/arm-none-eabi/12.2.1/thumb/v7e-m+fp/softfp/crt0.o
START GROUP
LOAD ./app.o
LOAD ./main.o
LOAD ./autogen/sl_event_handler.o
LOAD ./autogen/sl_si91x_power_manager_handler.o
LOAD ./autogen/sl_si91x_power_manager_wakeup_handler.o
LOAD ./simplicity_sdk_2024.12.2/platform/CMSIS/RTOS2/Source/os_systick.o
LOAD ./simplicity_sdk_2024.12.2/platform/common/src/sl_assert.o
LOAD ./simplicity_sdk_2024.12.2/platform/common/src/sl_cmsis_os2_common.o
LOAD ./simplicity_sdk_2024.12.2/platform/common/src/sl_core_cortexm.o
LOAD ./simplicity_sdk_2024.12.2/platform/common/src/sl_slist.o
LOAD ./simplicity_sdk_2024.12.2/platform/common/src/sl_string.o
LOAD ./simplicity_sdk_2024.12.2/platform/common/src/sl_syscalls.o
LOAD ./simplicity_sdk_2024.12.2/platform/common/src/sli_cmsis_os2_ext_task_register.o
LOAD ./simplicity_sdk_2024.12.2/platform/emlib/src/em_core.o
LOAD ./simplicity_sdk_2024.12.2/platform/service/sleeptimer/src/sl_sleeptimer.o
LOAD ./simplicity_sdk_2024.12.2/platform/service/system/src/sl_system_init.o
LOAD ./simplicity_sdk_2024.12.2/platform/service/system/src/sl_system_kernel.o
LOAD ./simplicity_sdk_2024.12.2/util/third_party/freertos/cmsis/Source/cmsis_os2.o
LOAD ./simplicity_sdk_2024.12.2/util/third_party/freertos/kernel/croutine.o
LOAD ./simplicity_sdk_2024.12.2/util/third_party/freertos/kernel/event_groups.o
LOAD ./simplicity_sdk_2024.12.2/util/third_party/freertos/kernel/list.o
LOAD ./simplicity_sdk_2024.12.2/util/third_party/freertos/kernel/queue.o
LOAD ./simplicity_sdk_2024.12.2/util/third_party/freertos/kernel/stream_buffer.o
LOAD ./simplicity_sdk_2024.12.2/util/third_party/freertos/kernel/tasks.o
LOAD ./simplicity_sdk_2024.12.2/util/third_party/freertos/kernel/timers.o
LOAD ./simplicity_sdk_2024.12.2/util/third_party/freertos/kernel/portable/GCC/ARM_CM4F/port.o
LOAD ./simplicity_sdk_2024.12.2/util/third_party/freertos/kernel/portable/MemMang/heap_4.o
LOAD ./wiseconnect3_sdk_3.4.2/components/board/silabs/src/rsi_board.o
LOAD ./wiseconnect3_sdk_3.4.2/components/common/src/sl_utility.o
LOAD ./wiseconnect3_sdk_3.4.2/components/device/silabs/si91x/mcu/core/chip/src/iPMU_prog/iPMU_dotc/ipmu_apis.o
LOAD ./wiseconnect3_sdk_3.4.2/components/device/silabs/si91x/mcu/core/chip/src/iPMU_prog/iPMU_dotc/rsi_system_config_917.o
LOAD ./wiseconnect3_sdk_3.4.2/components/device/silabs/si91x/mcu/core/chip/src/rsi_deepsleep_soc.o
LOAD ./wiseconnect3_sdk_3.4.2/components/device/silabs/si91x/mcu/core/chip/src/rsi_ps_ram_func.o
LOAD ./wiseconnect3_sdk_3.4.2/components/device/silabs/si91x/mcu/core/chip/src/startup_si91x.o
LOAD ./wiseconnect3_sdk_3.4.2/components/device/silabs/si91x/mcu/core/chip/src/system_si91x.o
LOAD ./wiseconnect3_sdk_3.4.2/components/device/silabs/si91x/mcu/core/common/src/rsi_debug.o
LOAD ./wiseconnect3_sdk_3.4.2/components/device/silabs/si91x/mcu/core/common/src/sl_si91x_stack_object_declare.o
LOAD ./wiseconnect3_sdk_3.4.2/components/device/silabs/si91x/mcu/core/common/src/syscalls.o
LOAD ./wiseconnect3_sdk_3.4.2/components/device/silabs/si91x/mcu/core/config/src/rsi_nvic_priorities_config.o
LOAD ./wiseconnect3_sdk_3.4.2/components/device/silabs/si91x/mcu/drivers/cmsis_driver/SPI.o
LOAD ./wiseconnect3_sdk_3.4.2/components/device/silabs/si91x/mcu/drivers/cmsis_driver/UDMA.o
LOAD ./wiseconnect3_sdk_3.4.2/components/device/silabs/si91x/mcu/drivers/cmsis_driver/USART.o
LOAD ./wiseconnect3_sdk_3.4.2/components/device/silabs/si91x/mcu/drivers/hardware_drivers/icm40627/src/sl_si91x_icm40627.o
LOAD ./wiseconnect3_sdk_3.4.2/components/device/silabs/si91x/mcu/drivers/peripheral_drivers/src/aux_reference_volt_config.o
LOAD ./wiseconnect3_sdk_3.4.2/components/device/silabs/si91x/mcu/drivers/peripheral_drivers/src/clock_update.o
LOAD ./wiseconnect3_sdk_3.4.2/components/device/silabs/si91x/mcu/drivers/peripheral_drivers/src/rsi_adc.o
LOAD ./wiseconnect3_sdk_3.4.2/components/device/silabs/si91x/mcu/drivers/peripheral_drivers/src/rsi_crc.o
LOAD ./wiseconnect3_sdk_3.4.2/components/device/silabs/si91x/mcu/drivers/peripheral_drivers/src/rsi_dac.o
LOAD ./wiseconnect3_sdk_3.4.2/components/device/silabs/si91x/mcu/drivers/peripheral_drivers/src/rsi_egpio.o
LOAD ./wiseconnect3_sdk_3.4.2/components/device/silabs/si91x/mcu/drivers/peripheral_drivers/src/rsi_opamp.o
LOAD ./wiseconnect3_sdk_3.4.2/components/device/silabs/si91x/mcu/drivers/peripheral_drivers/src/rsi_spi.o
LOAD ./wiseconnect3_sdk_3.4.2/components/device/silabs/si91x/mcu/drivers/peripheral_drivers/src/rsi_sysrtc.o
LOAD ./wiseconnect3_sdk_3.4.2/components/device/silabs/si91x/mcu/drivers/peripheral_drivers/src/rsi_udma.o
LOAD ./wiseconnect3_sdk_3.4.2/components/device/silabs/si91x/mcu/drivers/peripheral_drivers/src/rsi_udma_wrapper.o
LOAD ./wiseconnect3_sdk_3.4.2/components/device/silabs/si91x/mcu/drivers/peripheral_drivers/src/rsi_usart.o
LOAD ./wiseconnect3_sdk_3.4.2/components/device/silabs/si91x/mcu/drivers/peripheral_drivers/src/sl_si91x_m4_ps.o
LOAD ./wiseconnect3_sdk_3.4.2/components/device/silabs/si91x/mcu/drivers/rom_driver/src/rsi_rom_table_si91x.o
LOAD ./wiseconnect3_sdk_3.4.2/components/device/silabs/si91x/mcu/drivers/service/clock_manager/src/sl_si91x_clock_manager.o
LOAD ./wiseconnect3_sdk_3.4.2/components/device/silabs/si91x/mcu/drivers/service/clock_manager/src/sli_si91x_clock_manager.o
LOAD ./wiseconnect3_sdk_3.4.2/components/device/silabs/si91x/mcu/drivers/service/power_manager/src/sl_si91x_power_manager.o
LOAD ./wiseconnect3_sdk_3.4.2/components/device/silabs/si91x/mcu/drivers/service/power_manager/src/sli_si91x_power_manager.o
LOAD ./wiseconnect3_sdk_3.4.2/components/device/silabs/si91x/mcu/drivers/service/power_manager/src/sli_si91x_power_manager_wakeup_init.o
LOAD ./wiseconnect3_sdk_3.4.2/components/device/silabs/si91x/mcu/drivers/service/sleeptimer/src/sl_sleeptimer_hal_si91x_sysrtc.o
LOAD ./wiseconnect3_sdk_3.4.2/components/device/silabs/si91x/mcu/drivers/systemlevel/src/rsi_bod.o
LOAD ./wiseconnect3_sdk_3.4.2/components/device/silabs/si91x/mcu/drivers/systemlevel/src/rsi_ipmu.o
LOAD ./wiseconnect3_sdk_3.4.2/components/device/silabs/si91x/mcu/drivers/systemlevel/src/rsi_pll.o
LOAD ./wiseconnect3_sdk_3.4.2/components/device/silabs/si91x/mcu/drivers/systemlevel/src/rsi_power_save.o
LOAD ./wiseconnect3_sdk_3.4.2/components/device/silabs/si91x/mcu/drivers/systemlevel/src/rsi_rtc.o
LOAD ./wiseconnect3_sdk_3.4.2/components/device/silabs/si91x/mcu/drivers/systemlevel/src/rsi_temp_sensor.o
LOAD ./wiseconnect3_sdk_3.4.2/components/device/silabs/si91x/mcu/drivers/systemlevel/src/rsi_time_period.o
LOAD ./wiseconnect3_sdk_3.4.2/components/device/silabs/si91x/mcu/drivers/systemlevel/src/rsi_ulpss_clk.o
LOAD ./wiseconnect3_sdk_3.4.2/components/device/silabs/si91x/mcu/drivers/unified_api/src/sl_si91x_adc.o
LOAD ./wiseconnect3_sdk_3.4.2/components/device/silabs/si91x/mcu/drivers/unified_api/src/sl_si91x_bjt_temperature_sensor.o
LOAD ./wiseconnect3_sdk_3.4.2/components/device/silabs/si91x/mcu/drivers/unified_api/src/sl_si91x_dma.o
LOAD ./wiseconnect3_sdk_3.4.2/components/device/silabs/si91x/mcu/drivers/unified_api/src/sl_si91x_driver_gpio.o
LOAD ./wiseconnect3_sdk_3.4.2/components/device/silabs/si91x/mcu/drivers/unified_api/src/sl_si91x_ssi.o
LOAD ./wiseconnect3_sdk_3.4.2/components/device/silabs/si91x/mcu/drivers/unified_peripheral_drivers/src/sl_si91x_peripheral_gpio.o
LOAD ./wiseconnect3_sdk_3.4.2/components/device/silabs/si91x/wireless/ahb_interface/src/rsi_hal_mcu_m4_ram.o
LOAD ./wiseconnect3_sdk_3.4.2/components/device/silabs/si91x/wireless/ahb_interface/src/rsi_hal_mcu_m4_rom.o
LOAD ./wiseconnect3_sdk_3.4.2/components/device/silabs/si91x/wireless/ahb_interface/src/sl_platform.o
LOAD ./wiseconnect3_sdk_3.4.2/components/device/silabs/si91x/wireless/ahb_interface/src/sl_platform_wireless.o
LOAD ./wiseconnect3_sdk_3.4.2/components/device/silabs/si91x/wireless/ahb_interface/src/sl_si91x_bus.o
LOAD ./wiseconnect3_sdk_3.4.2/components/device/silabs/si91x/wireless/ahb_interface/src/sl_si91x_timer.o
LOAD ./wiseconnect3_sdk_3.4.2/components/device/silabs/si91x/wireless/ahb_interface/src/sli_siwx917_soc.o
LOAD ./wiseconnect3_sdk_3.4.2/components/device/silabs/si91x/wireless/ble/src/rsi_ble_gap_apis.o
LOAD ./wiseconnect3_sdk_3.4.2/components/device/silabs/si91x/wireless/ble/src/rsi_ble_gatt_apis.o
LOAD ./wiseconnect3_sdk_3.4.2/components/device/silabs/si91x/wireless/ble/src/rsi_bt_ble.o
LOAD ./wiseconnect3_sdk_3.4.2/components/device/silabs/si91x/wireless/ble/src/rsi_bt_common_apis.o
LOAD ./wiseconnect3_sdk_3.4.2/components/device/silabs/si91x/wireless/ble/src/rsi_common_apis.o
LOAD ./wiseconnect3_sdk_3.4.2/components/device/silabs/si91x/wireless/ble/src/rsi_utils.o
LOAD ./wiseconnect3_sdk_3.4.2/components/device/silabs/si91x/wireless/ble/src/sl_si91x_ble.o
LOAD ./wiseconnect3_sdk_3.4.2/components/device/silabs/si91x/wireless/errno/src/sl_si91x_errno.o
LOAD ./wiseconnect3_sdk_3.4.2/components/device/silabs/si91x/wireless/firmware_upgrade/firmware_upgradation.o
LOAD ./wiseconnect3_sdk_3.4.2/components/device/silabs/si91x/wireless/host_mcu/si91x/siwx917_soc_ncp_host.o
LOAD ./wiseconnect3_sdk_3.4.2/components/device/silabs/si91x/wireless/icmp/sl_net_ping.o
LOAD ./wiseconnect3_sdk_3.4.2/components/device/silabs/si91x/wireless/memory/malloc_buffers.o
LOAD ./wiseconnect3_sdk_3.4.2/components/device/silabs/si91x/wireless/sl_net/src/sl_net_rsi_utility.o
LOAD ./wiseconnect3_sdk_3.4.2/components/device/silabs/si91x/wireless/sl_net/src/sl_net_si91x_callback_framework.o
LOAD ./wiseconnect3_sdk_3.4.2/components/device/silabs/si91x/wireless/sl_net/src/sl_net_si91x_integration_handler.o
LOAD ./wiseconnect3_sdk_3.4.2/components/device/silabs/si91x/wireless/sl_net/src/sl_si91x_net_credentials.o
LOAD ./wiseconnect3_sdk_3.4.2/components/device/silabs/si91x/wireless/sl_net/src/sl_si91x_net_internal_stack.o
LOAD ./wiseconnect3_sdk_3.4.2/components/device/silabs/si91x/wireless/socket/src/sl_si91x_socket_utility.o
LOAD ./wiseconnect3_sdk_3.4.2/components/device/silabs/si91x/wireless/src/sl_rsi_utility.o
LOAD ./wiseconnect3_sdk_3.4.2/components/device/silabs/si91x/wireless/src/sl_si91x_driver.o
LOAD ./wiseconnect3_sdk_3.4.2/components/device/silabs/si91x/wireless/threading/sli_si91x_multithreaded.o
LOAD ./wiseconnect3_sdk_3.4.2/components/protocol/wifi/si91x/sl_wifi.o
LOAD ./wiseconnect3_sdk_3.4.2/components/protocol/wifi/src/sl_wifi_basic_credentials.o
LOAD ./wiseconnect3_sdk_3.4.2/components/protocol/wifi/src/sl_wifi_callback_framework.o
LOAD ./wiseconnect3_sdk_3.4.2/components/service/network_manager/si91x/sl_net_si91x.o
LOAD ./wiseconnect3_sdk_3.4.2/components/service/network_manager/src/sl_net.o
LOAD ./wiseconnect3_sdk_3.4.2/components/service/network_manager/src/sl_net_basic_certificate_store.o
LOAD ./wiseconnect3_sdk_3.4.2/components/service/network_manager/src/sl_net_basic_profiles.o
LOAD ./wiseconnect3_sdk_3.4.2/components/service/network_manager/src/sl_net_credentials.o
LOAD ./wiseconnect3_sdk_3.4.2/third_party/silicon_labs/freertos/src/sl_si91x_low_power_tickless_mode.o
LOAD d:/siliconlabs/simplicity studio/developer/toolchains/gnu_arm/12.2.rel1_2023.7/bin/../lib/gcc/arm-none-eabi/12.2.1/thumb/v7e-m+fp/softfp\libgcc.a
LOAD d:/siliconlabs/simplicity studio/developer/toolchains/gnu_arm/12.2.rel1_2023.7/bin/../lib/gcc/arm-none-eabi/12.2.1/thumb/v7e-m+fp/softfp\libnosys.a
LOAD d:/siliconlabs/simplicity studio/developer/toolchains/gnu_arm/12.2.rel1_2023.7/bin/../lib/gcc/arm-none-eabi/12.2.1/thumb/v7e-m+fp/softfp\libc_nano.a
LOAD d:/siliconlabs/simplicity studio/developer/toolchains/gnu_arm/12.2.rel1_2023.7/bin/../lib/gcc/arm-none-eabi/12.2.1/thumb/v7e-m+fp/softfp\libm.a
END GROUP
START GROUP
LOAD d:/siliconlabs/simplicity studio/developer/toolchains/gnu_arm/12.2.rel1_2023.7/bin/../lib/gcc/arm-none-eabi/12.2.1/thumb/v7e-m+fp/softfp\libgcc.a
LOAD d:/siliconlabs/simplicity studio/developer/toolchains/gnu_arm/12.2.rel1_2023.7/bin/../lib/gcc/arm-none-eabi/12.2.1/thumb/v7e-m+fp/softfp\libc_nano.a
LOAD d:/siliconlabs/simplicity studio/developer/toolchains/gnu_arm/12.2.rel1_2023.7/bin/../lib/gcc/arm-none-eabi/12.2.1/thumb/v7e-m+fp/softfp\libnosys.a
END GROUP
START GROUP
LOAD d:/siliconlabs/simplicity studio/developer/toolchains/gnu_arm/12.2.rel1_2023.7/bin/../lib/gcc/arm-none-eabi/12.2.1/thumb/v7e-m+fp/softfp\libgcc.a
LOAD d:/siliconlabs/simplicity studio/developer/toolchains/gnu_arm/12.2.rel1_2023.7/bin/../lib/gcc/arm-none-eabi/12.2.1/thumb/v7e-m+fp/softfp\libg_nano.a
LOAD d:/siliconlabs/simplicity studio/developer/toolchains/gnu_arm/12.2.rel1_2023.7/bin/../lib/gcc/arm-none-eabi/12.2.1/thumb/v7e-m+fp/softfp\libc_nano.a
END GROUP
START GROUP
LOAD d:/siliconlabs/simplicity studio/developer/toolchains/gnu_arm/12.2.rel1_2023.7/bin/../lib/gcc/arm-none-eabi/12.2.1/thumb/v7e-m+fp/softfp\libgcc.a
LOAD d:/siliconlabs/simplicity studio/developer/toolchains/gnu_arm/12.2.rel1_2023.7/bin/../lib/gcc/arm-none-eabi/12.2.1/thumb/v7e-m+fp/softfp\libc_nano.a
END GROUP
LOAD d:/siliconlabs/simplicity studio/developer/toolchains/gnu_arm/12.2.rel1_2023.7/bin/../lib/gcc/arm-none-eabi/12.2.1/thumb/v7e-m+fp/softfp/crtend.o
LOAD d:/siliconlabs/simplicity studio/developer/toolchains/gnu_arm/12.2.rel1_2023.7/bin/../lib/gcc/arm-none-eabi/12.2.1/thumb/v7e-m+fp/softfp/crtn.o

.text           0x08202000     0xc16b
 *(.isr_vector)
 .isr_vector    0x08202000      0x16c ./wiseconnect3_sdk_3.4.2/components/device/silabs/si91x/mcu/core/chip/src/startup_si91x.o
                0x08202000                __Vectors
                0x08202180                . = ALIGN (0x20)
 *fill*         0x0820216c       0x14 
 *(.reset_handler)
 .reset_handler
                0x08202180       0x30 ./wiseconnect3_sdk_3.4.2/components/device/silabs/si91x/mcu/core/chip/src/startup_si91x.o
                0x08202180                RSI_Default_Reset_Handler
 *(EXCLUDE_FILE(*heap_*.o *port.o *sl_rsi_utility.o *malloc_buffers.o *freertos_umm_malloc_host.o *cmsis_os2.o *timers.o *tasks.o *stream_buffer.o *queue.o *list.o *event_groups.o *croutine.o *sl_si91x_low_power_tickless_mode.o *rsi_sysrtc.o *sl_sleeptimer_hal_si91x_sysrtc.o *sl_sleeptimer.o *UDMA.o *rsi_hal_mcu_m4_rom.o *rsi_hal_mcu_m4_ram.o *rsi_deepsleep_soc.o *sli_si91x_multithreaded.o *sl_si91x_driver.o *sl_si91x_bus.o) .text*)
 .text.deregister_tm_clones
                0x082021b0       0x1c d:/siliconlabs/simplicity studio/developer/toolchains/gnu_arm/12.2.rel1_2023.7/bin/../lib/gcc/arm-none-eabi/12.2.1/thumb/v7e-m+fp/softfp/crtbegin.o
 .text.register_tm_clones
                0x082021cc       0x24 d:/siliconlabs/simplicity studio/developer/toolchains/gnu_arm/12.2.rel1_2023.7/bin/../lib/gcc/arm-none-eabi/12.2.1/thumb/v7e-m+fp/softfp/crtbegin.o
 .text.__do_global_dtors_aux
                0x082021f0       0x28 d:/siliconlabs/simplicity studio/developer/toolchains/gnu_arm/12.2.rel1_2023.7/bin/../lib/gcc/arm-none-eabi/12.2.1/thumb/v7e-m+fp/softfp/crtbegin.o
 .text.frame_dummy
                0x08202218       0x24 d:/siliconlabs/simplicity studio/developer/toolchains/gnu_arm/12.2.rel1_2023.7/bin/../lib/gcc/arm-none-eabi/12.2.1/thumb/v7e-m+fp/softfp/crtbegin.o
 .text.ble_on_smp_complete
                0x0820223c       0x2c ./app.o
                0x0820223c                ble_on_smp_complete
 .text.ble_on_passkey_request
                0x08202268       0x6c ./app.o
                0x08202268                ble_on_passkey_request
 .text.ble_task
                0x082022d4       0x98 ./app.o
                0x082022d4                ble_task
 .text.app_init
                0x0820236c       0x30 ./app.o
                0x0820236c                app_init
 .text.startup.main
                0x0820239c       0x12 ./main.o
                0x0820239c                main
 .text.sl_platform_init
                0x082023ae       0x22 ./autogen/sl_event_handler.o
                0x082023ae                sl_platform_init
 .text.sl_kernel_start
                0x082023d0        0x4 ./autogen/sl_event_handler.o
                0x082023d0                sl_kernel_start
 .text.sl_driver_init
                0x082023d4        0x2 ./autogen/sl_event_handler.o
                0x082023d4                sl_driver_init
 *fill*         0x082023d6        0x2 
 .text.sl_service_init
                0x082023d8       0x24 ./autogen/sl_event_handler.o
                0x082023d8                sl_service_init
 .text.sl_stack_init
                0x082023fc        0x2 ./autogen/sl_event_handler.o
                0x082023fc                sl_stack_init
 .text.sl_internal_app_init
                0x082023fe        0x2 ./autogen/sl_event_handler.o
                0x082023fe                sl_internal_app_init
 .text.app_sleep_on_isr_exit
                0x08202400        0x4 ./autogen/sl_si91x_power_manager_handler.o
                0x08202400                app_sleep_on_isr_exit
 .text.sl_si91x_power_manager_sleep_on_isr_exit
                0x08202404        0xe ./autogen/sl_si91x_power_manager_handler.o
                0x08202404                sl_si91x_power_manager_sleep_on_isr_exit
 .text.sl_si91x_power_manager_wakeup_init
                0x08202412        0x4 ./autogen/sl_si91x_power_manager_wakeup_handler.o
                0x08202412                sl_si91x_power_manager_wakeup_init
 .text.CORE_EnterCritical
                0x08202416        0x8 ./simplicity_sdk_2024.12.2/platform/common/src/sl_core_cortexm.o
                0x08202416                CORE_EnterCritical
 .text.CORE_ExitCritical
                0x0820241e        0xa ./simplicity_sdk_2024.12.2/platform/common/src/sl_core_cortexm.o
                0x0820241e                CORE_ExitCritical
 .text.CORE_EnterAtomic
                0x08202428        0xc ./simplicity_sdk_2024.12.2/platform/common/src/sl_core_cortexm.o
                0x08202428                CORE_EnterAtomic
 .text.CORE_ExitAtomic
                0x08202434        0xa ./simplicity_sdk_2024.12.2/platform/common/src/sl_core_cortexm.o
                0x08202434                CORE_ExitAtomic
 .text.sl_strnlen
                0x0820243e       0x16 ./simplicity_sdk_2024.12.2/platform/common/src/sl_string.o
                0x0820243e                sl_strnlen
 .text.sl_strlen
                0x08202454        0x8 ./simplicity_sdk_2024.12.2/platform/common/src/sl_string.o
                0x08202454                sl_strlen
 .text.sli_osTaskRegisterSetValue
                0x0820245c        0xa ./simplicity_sdk_2024.12.2/platform/common/src/sli_cmsis_os2_ext_task_register.o
                0x0820245c                sli_osTaskRegisterSetValue
 .text.sl_system_init
                0x08202466       0x1a ./simplicity_sdk_2024.12.2/platform/service/system/src/sl_system_init.o
                0x08202466                sl_system_init
 .text.sl_system_kernel_start
                0x08202480        0x4 ./simplicity_sdk_2024.12.2/platform/service/system/src/sl_system_kernel.o
                0x08202480                sl_system_kernel_start
 .text.RSI_Board_Init
                0x08202484       0x5c ./wiseconnect3_sdk_3.4.2/components/board/silabs/src/rsi_board.o
                0x08202484                RSI_Board_Init
 .text.sl_redirect_log
                0x082024e0        0x6 ./wiseconnect3_sdk_3.4.2/components/common/src/sl_utility.o
                0x082024e0                sl_redirect_log
 *fill*         0x082024e6        0x2 
 .text.set_scdc
                0x082024e8       0x28 ./wiseconnect3_sdk_3.4.2/components/device/silabs/si91x/mcu/core/chip/src/iPMU_prog/iPMU_dotc/ipmu_apis.o
                0x082024e8                set_scdc
 .text.init_ipmu_calib_data
                0x08202510       0x54 ./wiseconnect3_sdk_3.4.2/components/device/silabs/si91x/mcu/core/chip/src/iPMU_prog/iPMU_dotc/ipmu_apis.o
                0x08202510                init_ipmu_calib_data
 .text.program_ipmu_data
                0x08202564       0x54 ./wiseconnect3_sdk_3.4.2/components/device/silabs/si91x/mcu/core/chip/src/iPMU_prog/iPMU_dotc/ipmu_apis.o
                0x08202564                program_ipmu_data
 .text.ipmu_init_mcu
                0x082025b8       0x94 ./wiseconnect3_sdk_3.4.2/components/device/silabs/si91x/mcu/core/chip/src/iPMU_prog/iPMU_dotc/ipmu_apis.o
                0x082025b8                ipmu_init_mcu
 .text.ipmu_init
                0x0820264c       0xa8 ./wiseconnect3_sdk_3.4.2/components/device/silabs/si91x/mcu/core/chip/src/iPMU_prog/iPMU_dotc/ipmu_apis.o
                0x0820264c                ipmu_init
 .text.configure_ipmu_mode
                0x082026f4       0x38 ./wiseconnect3_sdk_3.4.2/components/device/silabs/si91x/mcu/core/chip/src/iPMU_prog/iPMU_dotc/ipmu_apis.o
                0x082026f4                configure_ipmu_mode
 .text.GetQspiConfig
                0x0820272c       0x40 ./wiseconnect3_sdk_3.4.2/components/device/silabs/si91x/mcu/core/chip/src/rsi_ps_ram_func.o
                0x0820272c                GetQspiConfig
 .text.RSI_FLASH_Initialize
                0x0820276c       0x28 ./wiseconnect3_sdk_3.4.2/components/device/silabs/si91x/mcu/core/chip/src/rsi_ps_ram_func.o
                0x0820276c                RSI_FLASH_Initialize
 .text.Default_Handler
                0x08202794        0x2 ./wiseconnect3_sdk_3.4.2/components/device/silabs/si91x/mcu/core/chip/src/startup_si91x.o
                0x08202794                DebugMon_Handler
                0x08202794                IRQ031_Handler
                0x08202794                HardFault_Handler
                0x08202794                IRQ095_Handler
                0x08202794                IRQ065_Handler
                0x08202794                IRQ093_Handler
                0x08202794                NMI_Handler
                0x08202794                IRQ014_Handler
                0x08202794                IRQ027_Handler
                0x08202794                IRQ062_Handler
                0x08202794                IRQ097_Handler
                0x08202794                IRQ088_Handler
                0x08202794                IRQ034_Handler
                0x08202794                IRQ071_Handler
                0x08202794                IRQ067_Handler
                0x08202794                IRQ070_Handler
                0x08202794                IRQ077_Handler
                0x08202794                IRQ028_Handler
                0x08202794                IRQ063_Handler
                0x08202794                IRQ076_Handler
                0x08202794                UsageFault_Handler
                0x08202794                IRQ023_Handler
                0x08202794                IRQ009_Handler
                0x08202794                IRQ048_Handler
                0x08202794                IRQ083_Handler
                0x08202794                IRQ089_Handler
                0x08202794                HIF1_IRQHandler
                0x08202794                IRQ037_Handler
                0x08202794                IRQ072_Handler
                0x08202794                IRQ008_Handler
                0x08202794                IRQ082_Handler
                0x08202794                IRQ007_Handler
                0x08202794                IRQ046_Handler
                0x08202794                IRQ081_Handler
                0x08202794                IRQ004_Handler
                0x08202794                IRQ043_Handler
                0x08202794                IRQ002_Handler
                0x08202794                IRQ041_Handler
                0x08202794                IRQ098_Handler
                0x08202794                IRQ000_Handler
                0x08202794                IRQ005_Handler
                0x08202794                IRQ049_Handler
                0x08202794                IRQ084_Handler
                0x08202794                IRQ006_Handler
                0x08202794                IRQ045_Handler
                0x08202794                IRQ080_Handler
                0x08202794                IRQ015_Handler
                0x08202794                MemManage_Handler
                0x08202794                HIF2_IRQHandler
                0x08202794                IRQ001_Handler
                0x08202794                IRQ040_Handler
                0x08202794                IRQ068_Handler
                0x08202794                IRQ096_Handler
                0x08202794                IRQ003_Handler
                0x08202794                IRQ042_Handler
                0x08202794                IRQ024_Handler
                0x08202794                IRQ090_Handler
                0x08202794                IRQ078_Handler
                0x08202794                IRQ032_Handler
                0x08202794                IRQ020_Handler
                0x08202794                IRQ073_Handler
                0x08202794                IRQ092_Handler
                0x08202794                IRQ087_Handler
                0x08202794                IRQ061_Handler
                0x08202794                IRQ025_Handler
                0x08202794                IRQ060_Handler
                0x08202794                IRQ085_Handler
                0x08202794                IRQ013_Handler
                0x08202794                IRQ030_Handler
                0x08202794                IRQ029_Handler
                0x08202794                IRQ064_Handler
                0x08202794                IRQ066_Handler
                0x08202794                IRQ017_Handler
                0x08202794                IRQ091_Handler
                0x08202794                BusFault_Handler
                0x08202794                IRQ069_Handler
                0x08202794                IRQ075_Handler
                0x08202794                IRQ086_Handler
                0x08202794                IRQ094_Handler
                0x08202794                IRQ079_Handler
 .text.Default_Reset_Handler
                0x08202796        0x2 ./wiseconnect3_sdk_3.4.2/components/device/silabs/si91x/mcu/core/chip/src/startup_si91x.o
                0x08202796                Default_Reset_Handler
                0x08202796                Reset_Handler
 .text.Copy_Table
                0x08202798       0x24 ./wiseconnect3_sdk_3.4.2/components/device/silabs/si91x/mcu/core/chip/src/startup_si91x.o
                0x08202798                Copy_Table
 .text.Zero_Table
                0x082027bc       0x24 ./wiseconnect3_sdk_3.4.2/components/device/silabs/si91x/mcu/core/chip/src/startup_si91x.o
                0x082027bc                Zero_Table
 .text.SystemCoreClockUpdate
                0x082027e0      0x118 ./wiseconnect3_sdk_3.4.2/components/device/silabs/si91x/mcu/core/chip/src/system_si91x.o
                0x082027e0                SystemCoreClockUpdate
 .text.fpuInit  0x082028f8       0x44 ./wiseconnect3_sdk_3.4.2/components/device/silabs/si91x/mcu/core/chip/src/system_si91x.o
                0x082028f8                fpuInit
 .text.SystemInit
                0x0820293c       0xe4 ./wiseconnect3_sdk_3.4.2/components/device/silabs/si91x/mcu/core/chip/src/system_si91x.o
                0x0820293c                SystemInit
 .text.ARM_UART_SignalEvent
                0x08202a20       0x24 ./wiseconnect3_sdk_3.4.2/components/device/silabs/si91x/mcu/core/common/src/rsi_debug.o
                0x08202a20                ARM_UART_SignalEvent
 .text.Board_Debug_Init
                0x08202a44       0x5c ./wiseconnect3_sdk_3.4.2/components/device/silabs/si91x/mcu/core/common/src/rsi_debug.o
                0x08202a44                Board_Debug_Init
 .text.Board_UARTGetChar
                0x08202aa0       0x30 ./wiseconnect3_sdk_3.4.2/components/device/silabs/si91x/mcu/core/common/src/rsi_debug.o
                0x08202aa0                Board_UARTGetChar
 .text.Board_UARTPutChar
                0x08202ad0       0x30 ./wiseconnect3_sdk_3.4.2/components/device/silabs/si91x/mcu/core/common/src/rsi_debug.o
                0x08202ad0                Board_UARTPutChar
 .text.read_exclude_space
                0x08202b00       0x20 ./wiseconnect3_sdk_3.4.2/components/device/silabs/si91x/mcu/core/common/src/syscalls.o
 .text._getpid  0x08202b20        0x4 ./wiseconnect3_sdk_3.4.2/components/device/silabs/si91x/mcu/core/common/src/syscalls.o
                0x08202b20                _getpid
 .text._kill    0x08202b24       0x10 ./wiseconnect3_sdk_3.4.2/components/device/silabs/si91x/mcu/core/common/src/syscalls.o
                0x08202b24                _kill
 .text._exit    0x08202b34        0xc ./wiseconnect3_sdk_3.4.2/components/device/silabs/si91x/mcu/core/common/src/syscalls.o
                0x08202b34                _exit
 .text._write   0x08202b40       0x44 ./wiseconnect3_sdk_3.4.2/components/device/silabs/si91x/mcu/core/common/src/syscalls.o
                0x08202b40                _write
 .text._close   0x08202b84        0x6 ./wiseconnect3_sdk_3.4.2/components/device/silabs/si91x/mcu/core/common/src/syscalls.o
                0x08202b84                _close
 .text._fstat   0x08202b8a        0xa ./wiseconnect3_sdk_3.4.2/components/device/silabs/si91x/mcu/core/common/src/syscalls.o
                0x08202b8a                _fstat
 .text._isatty  0x08202b94        0x4 ./wiseconnect3_sdk_3.4.2/components/device/silabs/si91x/mcu/core/common/src/syscalls.o
                0x08202b94                _isatty
 .text._lseek   0x08202b98        0x4 ./wiseconnect3_sdk_3.4.2/components/device/silabs/si91x/mcu/core/common/src/syscalls.o
                0x08202b98                _lseek
 .text._read    0x08202b9c      0x30c ./wiseconnect3_sdk_3.4.2/components/device/silabs/si91x/mcu/core/common/src/syscalls.o
                0x08202b9c                _read
 .text.sl_si91x_device_init_nvic
                0x08202ea8       0x18 ./wiseconnect3_sdk_3.4.2/components/device/silabs/si91x/mcu/core/config/src/rsi_nvic_priorities_config.o
                0x08202ea8                sl_si91x_device_init_nvic
 .text.IRQ047_Handler
                0x08202ec0        0xc ./wiseconnect3_sdk_3.4.2/components/device/silabs/si91x/mcu/drivers/cmsis_driver/SPI.o
                0x08202ec0                IRQ047_Handler
 .text.IRQ044_Handler
                0x08202ecc        0xc ./wiseconnect3_sdk_3.4.2/components/device/silabs/si91x/mcu/drivers/cmsis_driver/SPI.o
                0x08202ecc                IRQ044_Handler
 .text.IRQ016_Handler
                0x08202ed8        0xc ./wiseconnect3_sdk_3.4.2/components/device/silabs/si91x/mcu/drivers/cmsis_driver/SPI.o
                0x08202ed8                IRQ016_Handler
 .text.ARM_USARTx_GetVersion
                0x08202ee4       0x20 ./wiseconnect3_sdk_3.4.2/components/device/silabs/si91x/mcu/drivers/cmsis_driver/USART.o
                0x08202ee4                ARM_USARTx_GetVersion
 .text.ARM_ULP_UART_GetCapabilities
                0x08202f04        0xc ./wiseconnect3_sdk_3.4.2/components/device/silabs/si91x/mcu/drivers/cmsis_driver/USART.o
 .text.ARM_ULP_UART_GetModemStatus
                0x08202f10        0xc ./wiseconnect3_sdk_3.4.2/components/device/silabs/si91x/mcu/drivers/cmsis_driver/USART.o
 .text.ARM_ULP_UART_SetModemControl
                0x08202f1c        0xc ./wiseconnect3_sdk_3.4.2/components/device/silabs/si91x/mcu/drivers/cmsis_driver/USART.o
 .text.ARM_ULP_UART_GetStatus
                0x08202f28        0xc ./wiseconnect3_sdk_3.4.2/components/device/silabs/si91x/mcu/drivers/cmsis_driver/USART.o
 .text.ARM_ULP_UART_Control
                0x08202f34       0x34 ./wiseconnect3_sdk_3.4.2/components/device/silabs/si91x/mcu/drivers/cmsis_driver/USART.o
 .text.ARM_ULP_UART_GetRxCount
                0x08202f68        0xc ./wiseconnect3_sdk_3.4.2/components/device/silabs/si91x/mcu/drivers/cmsis_driver/USART.o
 .text.ARM_ULP_UART_GetTxCount
                0x08202f74        0xc ./wiseconnect3_sdk_3.4.2/components/device/silabs/si91x/mcu/drivers/cmsis_driver/USART.o
 .text.ARM_ULP_UART_Transfer
                0x08202f80       0x54 ./wiseconnect3_sdk_3.4.2/components/device/silabs/si91x/mcu/drivers/cmsis_driver/USART.o
 .text.ARM_ULP_UART_Receive
                0x08202fd4       0x48 ./wiseconnect3_sdk_3.4.2/components/device/silabs/si91x/mcu/drivers/cmsis_driver/USART.o
 .text.ARM_ULP_UART_Send
                0x0820301c       0x48 ./wiseconnect3_sdk_3.4.2/components/device/silabs/si91x/mcu/drivers/cmsis_driver/USART.o
 .text.ARM_ULP_UART_PowerControl
                0x08203064       0x18 ./wiseconnect3_sdk_3.4.2/components/device/silabs/si91x/mcu/drivers/cmsis_driver/USART.o
 .text.ARM_ULP_UART_Uninitialize
                0x0820307c       0x1c ./wiseconnect3_sdk_3.4.2/components/device/silabs/si91x/mcu/drivers/cmsis_driver/USART.o
 .text.ARM_ULP_UART_Initialize
                0x08203098       0x30 ./wiseconnect3_sdk_3.4.2/components/device/silabs/si91x/mcu/drivers/cmsis_driver/USART.o
 .text.IRQ038_Handler
                0x082030c8        0xc ./wiseconnect3_sdk_3.4.2/components/device/silabs/si91x/mcu/drivers/cmsis_driver/USART.o
                0x082030c8                IRQ038_Handler
 .text.IRQ039_Handler
                0x082030d4        0xc ./wiseconnect3_sdk_3.4.2/components/device/silabs/si91x/mcu/drivers/cmsis_driver/USART.o
                0x082030d4                IRQ039_Handler
 .text.IRQ012_Handler
                0x082030e0        0xc ./wiseconnect3_sdk_3.4.2/components/device/silabs/si91x/mcu/drivers/cmsis_driver/USART.o
                0x082030e0                IRQ012_Handler
 .text.RSI_ULPUartHandler
                0x082030ec        0x4 ./wiseconnect3_sdk_3.4.2/components/device/silabs/si91x/mcu/drivers/cmsis_driver/USART.o
                0x082030ec                RSI_ULPUartHandler
 .text.RSI_AUX_RefVoltageConfig
                0x082030f0       0xe8 ./wiseconnect3_sdk_3.4.2/components/device/silabs/si91x/mcu/drivers/peripheral_drivers/src/aux_reference_volt_config.o
                0x082030f0                RSI_AUX_RefVoltageConfig
 .text.RSI_CLK_GetBaseClock
                0x082031d8      0x50c ./wiseconnect3_sdk_3.4.2/components/device/silabs/si91x/mcu/drivers/peripheral_drivers/src/clock_update.o
                0x082031d8                RSI_CLK_GetBaseClock
 .text.RSI_EGPIO_HostPadsGpioModeDisable
                0x082036e4       0x10 ./wiseconnect3_sdk_3.4.2/components/device/silabs/si91x/mcu/drivers/peripheral_drivers/src/rsi_adc.o
 .text.RSI_EGPIO_PadReceiverDisable
                0x082036f4       0x10 ./wiseconnect3_sdk_3.4.2/components/device/silabs/si91x/mcu/drivers/peripheral_drivers/src/rsi_adc.o
 .text.RSI_EGPIO_UlpPadReceiverDisable
                0x08203704       0x10 ./wiseconnect3_sdk_3.4.2/components/device/silabs/si91x/mcu/drivers/peripheral_drivers/src/rsi_adc.o
 .text.ADC_DMA_Transfer_Complete
                0x08203714       0x10 ./wiseconnect3_sdk_3.4.2/components/device/silabs/si91x/mcu/drivers/peripheral_drivers/src/rsi_adc.o
                0x08203714                ADC_DMA_Transfer_Complete
 .text.ADC_DMA_Error_Callback
                0x08203724        0x4 ./wiseconnect3_sdk_3.4.2/components/device/silabs/si91x/mcu/drivers/peripheral_drivers/src/rsi_adc.o
                0x08203724                ADC_DMA_Error_Callback
 .text.RSI_EGPIO_SetPinMux.constprop.0
                0x08203728       0x1c ./wiseconnect3_sdk_3.4.2/components/device/silabs/si91x/mcu/drivers/peripheral_drivers/src/rsi_adc.o
 .text.RSI_ADC_PowerControl.part.0
                0x08203744       0x40 ./wiseconnect3_sdk_3.4.2/components/device/silabs/si91x/mcu/drivers/peripheral_drivers/src/rsi_adc.o
 .text.ADC_Start
                0x08203784       0x50 ./wiseconnect3_sdk_3.4.2/components/device/silabs/si91x/mcu/drivers/peripheral_drivers/src/rsi_adc.o
                0x08203784                ADC_Start
 .text.cal_adc_channel_offset
                0x082037d4       0xa4 ./wiseconnect3_sdk_3.4.2/components/device/silabs/si91x/mcu/drivers/peripheral_drivers/src/rsi_adc.o
                0x082037d4                cal_adc_channel_offset
 .text.check_power_two
                0x08203878       0x12 ./wiseconnect3_sdk_3.4.2/components/device/silabs/si91x/mcu/drivers/peripheral_drivers/src/rsi_adc.o
                0x08203878                check_power_two
 .text.roundupto_pwr2
                0x0820388a       0x1e ./wiseconnect3_sdk_3.4.2/components/device/silabs/si91x/mcu/drivers/peripheral_drivers/src/rsi_adc.o
                0x0820388a                roundupto_pwr2
 .text.max_sample_rate_achive
                0x082038a8       0x30 ./wiseconnect3_sdk_3.4.2/components/device/silabs/si91x/mcu/drivers/peripheral_drivers/src/rsi_adc.o
                0x082038a8                max_sample_rate_achive
 .text.get_min_sampling_time
                0x082038d8      0x2a0 ./wiseconnect3_sdk_3.4.2/components/device/silabs/si91x/mcu/drivers/peripheral_drivers/src/rsi_adc.o
                0x082038d8                get_min_sampling_time
 .text.ADC_PinMux
                0x08203b78      0x39c ./wiseconnect3_sdk_3.4.2/components/device/silabs/si91x/mcu/drivers/peripheral_drivers/src/rsi_adc.o
                0x08203b78                ADC_PinMux
 .text.RSI_ADC_PingPongMemoryAdrConfig
                0x08203f14       0xd4 ./wiseconnect3_sdk_3.4.2/components/device/silabs/si91x/mcu/drivers/peripheral_drivers/src/rsi_adc.o
                0x08203f14                RSI_ADC_PingPongMemoryAdrConfig
 .text.RSI_ADC_PingPongReInit
                0x08203fe8       0x60 ./wiseconnect3_sdk_3.4.2/components/device/silabs/si91x/mcu/drivers/peripheral_drivers/src/rsi_adc.o
                0x08203fe8                RSI_ADC_PingPongReInit
 .text.RSI_ADC_Calibration
                0x08204048       0xb8 ./wiseconnect3_sdk_3.4.2/components/device/silabs/si91x/mcu/drivers/peripheral_drivers/src/rsi_adc.o
                0x08204048                RSI_ADC_Calibration
 .text.ADC_Init
                0x08204100      0x140 ./wiseconnect3_sdk_3.4.2/components/device/silabs/si91x/mcu/drivers/peripheral_drivers/src/rsi_adc.o
                0x08204100                ADC_Init
 .text.ADC_Per_Channel_Init
                0x08204240      0x13c ./wiseconnect3_sdk_3.4.2/components/device/silabs/si91x/mcu/drivers/peripheral_drivers/src/rsi_adc.o
                0x08204240                ADC_Per_Channel_Init
 .text.RSI_ADC_PingpongEnable
                0x0820437c       0x28 ./wiseconnect3_sdk_3.4.2/components/device/silabs/si91x/mcu/drivers/peripheral_drivers/src/rsi_adc.o
                0x0820437c                RSI_ADC_PingpongEnable
 .text.RSI_ADC_InternalPerChnlDmaEnable
                0x082043a4       0x2a ./wiseconnect3_sdk_3.4.2/components/device/silabs/si91x/mcu/drivers/peripheral_drivers/src/rsi_adc.o
                0x082043a4                RSI_ADC_InternalPerChnlDmaEnable
 .text.RSI_ADC_ChannelConfig
                0x082043ce       0x68 ./wiseconnect3_sdk_3.4.2/components/device/silabs/si91x/mcu/drivers/peripheral_drivers/src/rsi_adc.o
                0x082043ce                RSI_ADC_ChannelConfig
 *fill*         0x08204436        0x2 
 .text.RSI_ADC_Stop
                0x08204438       0x2c ./wiseconnect3_sdk_3.4.2/components/device/silabs/si91x/mcu/drivers/peripheral_drivers/src/rsi_adc.o
                0x08204438                RSI_ADC_Stop
 .text.ADC_Stop
                0x08204464       0x10 ./wiseconnect3_sdk_3.4.2/components/device/silabs/si91x/mcu/drivers/peripheral_drivers/src/rsi_adc.o
                0x08204464                ADC_Stop
 .text.RSI_ADC_ChnlEnable
                0x08204474       0x40 ./wiseconnect3_sdk_3.4.2/components/device/silabs/si91x/mcu/drivers/peripheral_drivers/src/rsi_adc.o
                0x08204474                RSI_ADC_ChnlEnable
 .text.RSI_ADC_ClkDivfactor
                0x082044b4       0x34 ./wiseconnect3_sdk_3.4.2/components/device/silabs/si91x/mcu/drivers/peripheral_drivers/src/rsi_adc.o
                0x082044b4                RSI_ADC_ClkDivfactor
 .text.RSI_ADC_ChnlIntrUnMask
                0x082044e8       0x58 ./wiseconnect3_sdk_3.4.2/components/device/silabs/si91x/mcu/drivers/peripheral_drivers/src/rsi_adc.o
                0x082044e8                RSI_ADC_ChnlIntrUnMask
 .text.RSI_ADC_ChnlIntrClr
                0x08204540       0x36 ./wiseconnect3_sdk_3.4.2/components/device/silabs/si91x/mcu/drivers/peripheral_drivers/src/rsi_adc.o
                0x08204540                RSI_ADC_ChnlIntrClr
 *fill*         0x08204576        0x2 
 .text.RSI_ADC_PowerControl
                0x08204578       0x54 ./wiseconnect3_sdk_3.4.2/components/device/silabs/si91x/mcu/drivers/peripheral_drivers/src/rsi_adc.o
                0x08204578                RSI_ADC_PowerControl
 .text.ADC_Deinit
                0x082045cc       0x3c ./wiseconnect3_sdk_3.4.2/components/device/silabs/si91x/mcu/drivers/peripheral_drivers/src/rsi_adc.o
                0x082045cc                ADC_Deinit
 .text.RSI_ADC_NoiseAvgMode
                0x08204608       0x20 ./wiseconnect3_sdk_3.4.2/components/device/silabs/si91x/mcu/drivers/peripheral_drivers/src/rsi_adc.o
                0x08204608                RSI_ADC_NoiseAvgMode
 .text.ADC_ChannelConfig
                0x08204628      0x3c8 ./wiseconnect3_sdk_3.4.2/components/device/silabs/si91x/mcu/drivers/peripheral_drivers/src/rsi_adc.o
                0x08204628                ADC_ChannelConfig
 .text.ADC_Per_ChannelConfig
                0x082049f0      0x438 ./wiseconnect3_sdk_3.4.2/components/device/silabs/si91x/mcu/drivers/peripheral_drivers/src/rsi_adc.o
                0x082049f0                ADC_Per_ChannelConfig
 .text.RSI_ADC_TempSensorEnable
                0x08204e28       0x10 ./wiseconnect3_sdk_3.4.2/components/device/silabs/si91x/mcu/drivers/peripheral_drivers/src/rsi_adc.o
                0x08204e28                RSI_ADC_TempSensorEnable
 .text.RSI_ADC_InterruptHandler
                0x08204e38       0xf4 ./wiseconnect3_sdk_3.4.2/components/device/silabs/si91x/mcu/drivers/peripheral_drivers/src/rsi_adc.o
                0x08204e38                RSI_ADC_InterruptHandler
 .text.IRQ011_Handler
                0x08204f2c        0xc ./wiseconnect3_sdk_3.4.2/components/device/silabs/si91x/mcu/drivers/peripheral_drivers/src/rsi_adc.o
                0x08204f2c                IRQ011_Handler
 .text.RSI_ADC_GainOffsetCal
                0x08204f38       0x6c ./wiseconnect3_sdk_3.4.2/components/device/silabs/si91x/mcu/drivers/peripheral_drivers/src/rsi_adc.o
                0x08204f38                RSI_ADC_GainOffsetCal
 .text.RSI_ADC_ReadDataStatic
                0x08204fa4       0x14 ./wiseconnect3_sdk_3.4.2/components/device/silabs/si91x/mcu/drivers/peripheral_drivers/src/rsi_adc.o
                0x08204fa4                RSI_ADC_ReadDataStatic
 .text.RSI_DAC_InterruptMask
                0x08204fb8       0x1e ./wiseconnect3_sdk_3.4.2/components/device/silabs/si91x/mcu/drivers/peripheral_drivers/src/rsi_dac.o
                0x08204fb8                RSI_DAC_InterruptMask
 .text.RSI_OPAMP1_Config
                0x08204fd6       0xc6 ./wiseconnect3_sdk_3.4.2/components/device/silabs/si91x/mcu/drivers/peripheral_drivers/src/rsi_opamp.o
                0x08204fd6                RSI_OPAMP1_Config
 .text.SPI_IRQHandler
                0x0820509c      0x204 ./wiseconnect3_sdk_3.4.2/components/device/silabs/si91x/mcu/drivers/peripheral_drivers/src/rsi_spi.o
                0x0820509c                SPI_IRQHandler
 .text.RSI_EGPIO_SetPinMux
                0x082052a0       0x14 ./wiseconnect3_sdk_3.4.2/components/device/silabs/si91x/mcu/drivers/peripheral_drivers/src/rsi_usart.o
 .text.RSI_EGPIO_HostPadsGpioModeEnable
                0x082052b4       0x10 ./wiseconnect3_sdk_3.4.2/components/device/silabs/si91x/mcu/drivers/peripheral_drivers/src/rsi_usart.o
 .text.RSI_EGPIO_PadSelectionEnable
                0x082052c4       0x10 ./wiseconnect3_sdk_3.4.2/components/device/silabs/si91x/mcu/drivers/peripheral_drivers/src/rsi_usart.o
 .text.RSI_EGPIO_PadReceiverEnable
                0x082052d4       0x10 ./wiseconnect3_sdk_3.4.2/components/device/silabs/si91x/mcu/drivers/peripheral_drivers/src/rsi_usart.o
 .text.RSI_EGPIO_UlpPadReceiverEnable
                0x082052e4       0x10 ./wiseconnect3_sdk_3.4.2/components/device/silabs/si91x/mcu/drivers/peripheral_drivers/src/rsi_usart.o
 .text.UDMAx_ChannelDisable.isra.0
                0x082052f4        0xc ./wiseconnect3_sdk_3.4.2/components/device/silabs/si91x/mcu/drivers/peripheral_drivers/src/rsi_usart.o
 .text.UartIrqHandler
                0x08205300      0x200 ./wiseconnect3_sdk_3.4.2/components/device/silabs/si91x/mcu/drivers/peripheral_drivers/src/rsi_usart.o
                0x08205300                UartIrqHandler
 .text.USART_SetBaudrate
                0x08205500       0x50 ./wiseconnect3_sdk_3.4.2/components/device/silabs/si91x/mcu/drivers/peripheral_drivers/src/rsi_usart.o
                0x08205500                USART_SetBaudrate
 .text.USART_Initialize
                0x08205550      0x120 ./wiseconnect3_sdk_3.4.2/components/device/silabs/si91x/mcu/drivers/peripheral_drivers/src/rsi_usart.o
                0x08205550                USART_Initialize
 .text.USART_Uninitialize
                0x08205670       0xa0 ./wiseconnect3_sdk_3.4.2/components/device/silabs/si91x/mcu/drivers/peripheral_drivers/src/rsi_usart.o
                0x08205670                USART_Uninitialize
 .text.USART_PowerControl
                0x08205710      0x150 ./wiseconnect3_sdk_3.4.2/components/device/silabs/si91x/mcu/drivers/peripheral_drivers/src/rsi_usart.o
                0x08205710                USART_PowerControl
 .text.USART_Send_Data
                0x08205860      0x15c ./wiseconnect3_sdk_3.4.2/components/device/silabs/si91x/mcu/drivers/peripheral_drivers/src/rsi_usart.o
                0x08205860                USART_Send_Data
 .text.USART_Receive_Data
                0x082059bc      0x13c ./wiseconnect3_sdk_3.4.2/components/device/silabs/si91x/mcu/drivers/peripheral_drivers/src/rsi_usart.o
                0x082059bc                USART_Receive_Data
 .text.USART_Transfer
                0x08205af8       0x72 ./wiseconnect3_sdk_3.4.2/components/device/silabs/si91x/mcu/drivers/peripheral_drivers/src/rsi_usart.o
                0x08205af8                USART_Transfer
 .text.USART_GetTxCount
                0x08205b6a        0x6 ./wiseconnect3_sdk_3.4.2/components/device/silabs/si91x/mcu/drivers/peripheral_drivers/src/rsi_usart.o
                0x08205b6a                USART_GetTxCount
 .text.USART_GetRxCount
                0x08205b70        0x6 ./wiseconnect3_sdk_3.4.2/components/device/silabs/si91x/mcu/drivers/peripheral_drivers/src/rsi_usart.o
                0x08205b70                USART_GetRxCount
 *fill*         0x08205b76        0x2 
 .text.USART_Control
                0x08205b78      0x914 ./wiseconnect3_sdk_3.4.2/components/device/silabs/si91x/mcu/drivers/peripheral_drivers/src/rsi_usart.o
                0x08205b78                USART_Control
 .text.USART_GetStatus
                0x0820648c       0x42 ./wiseconnect3_sdk_3.4.2/components/device/silabs/si91x/mcu/drivers/peripheral_drivers/src/rsi_usart.o
                0x0820648c                USART_GetStatus
 *fill*         0x082064ce        0x2 
 .text.USART_SetModemControl
                0x082064d0       0x84 ./wiseconnect3_sdk_3.4.2/components/device/silabs/si91x/mcu/drivers/peripheral_drivers/src/rsi_usart.o
                0x082064d0                USART_SetModemControl
 .text.USART_GetModemStatus
                0x08206554       0x5c ./wiseconnect3_sdk_3.4.2/components/device/silabs/si91x/mcu/drivers/peripheral_drivers/src/rsi_usart.o
                0x08206554                USART_GetModemStatus
 .text.sli_si91x_ta_packet_initiated_to_m4
                0x082065b0       0x70 ./wiseconnect3_sdk_3.4.2/components/device/silabs/si91x/mcu/drivers/peripheral_drivers/src/sl_si91x_m4_ps.o
                0x082065b0                sli_si91x_ta_packet_initiated_to_m4
 .text.sli_si91x_m4_ta_wakeup_configurations
                0x08206620       0x20 ./wiseconnect3_sdk_3.4.2/components/device/silabs/si91x/mcu/drivers/peripheral_drivers/src/sl_si91x_m4_ps.o
                0x08206620                sli_si91x_m4_ta_wakeup_configurations
 .text.convert_rsi_to_sl_error_code
                0x08206640       0x58 ./wiseconnect3_sdk_3.4.2/components/device/silabs/si91x/mcu/drivers/service/clock_manager/src/sl_si91x_clock_manager.o
 .text.RSI_CLK_IntfPLLTurnOn.isra.0
                0x08206698        0xc ./wiseconnect3_sdk_3.4.2/components/device/silabs/si91x/mcu/drivers/service/clock_manager/src/sl_si91x_clock_manager.o
 .text.RSI_CLK_I2sPllTurnOn.isra.0
                0x082066a4        0xc ./wiseconnect3_sdk_3.4.2/components/device/silabs/si91x/mcu/drivers/service/clock_manager/src/sl_si91x_clock_manager.o
 .text.RSI_CLK_SocPllTurnOn.isra.0
                0x082066b0        0xc ./wiseconnect3_sdk_3.4.2/components/device/silabs/si91x/mcu/drivers/service/clock_manager/src/sl_si91x_clock_manager.o
 .text.sl_si91x_clock_manager_set_pll_freq
                0x082066bc      0x140 ./wiseconnect3_sdk_3.4.2/components/device/silabs/si91x/mcu/drivers/service/clock_manager/src/sl_si91x_clock_manager.o
                0x082066bc                sl_si91x_clock_manager_set_pll_freq
 .text.sl_si91x_clock_manager_m4_set_core_clk
                0x082067fc       0x90 ./wiseconnect3_sdk_3.4.2/components/device/silabs/si91x/mcu/drivers/service/clock_manager/src/sl_si91x_clock_manager.o
                0x082067fc                sl_si91x_clock_manager_m4_set_core_clk
 .text.sl_si91x_clock_manager_init
                0x0820688c       0x5c ./wiseconnect3_sdk_3.4.2/components/device/silabs/si91x/mcu/drivers/service/clock_manager/src/sl_si91x_clock_manager.o
                0x0820688c                sl_si91x_clock_manager_init
 .text.sl_si91x_clock_manager_control_pll
                0x082068e8       0x48 ./wiseconnect3_sdk_3.4.2/components/device/silabs/si91x/mcu/drivers/service/clock_manager/src/sl_si91x_clock_manager.o
                0x082068e8                sl_si91x_clock_manager_control_pll
 .text.config_sleep_clks
                0x08206930       0x4c ./wiseconnect3_sdk_3.4.2/components/device/silabs/si91x/mcu/drivers/service/clock_manager/src/sli_si91x_clock_manager.o
 .text.sli_si91x_clock_manager_config_clks_on_ps_change
                0x0820697c      0x15c ./wiseconnect3_sdk_3.4.2/components/device/silabs/si91x/mcu/drivers/service/clock_manager/src/sli_si91x_clock_manager.o
                0x0820697c                sli_si91x_clock_manager_config_clks_on_ps_change
 .text.sli_si91x_config_clocks_to_mhz_rc
                0x08206ad8       0x5c ./wiseconnect3_sdk_3.4.2/components/device/silabs/si91x/mcu/drivers/service/clock_manager/src/sli_si91x_clock_manager.o
                0x08206ad8                sli_si91x_config_clocks_to_mhz_rc
 .text.notify_power_state_transition
                0x08206b34       0x70 ./wiseconnect3_sdk_3.4.2/components/device/silabs/si91x/mcu/drivers/service/power_manager/src/sl_si91x_power_manager.o
 .text.sl_si91x_power_manager_init
                0x08206ba4       0x38 ./wiseconnect3_sdk_3.4.2/components/device/silabs/si91x/mcu/drivers/service/power_manager/src/sl_si91x_power_manager.o
                0x08206ba4                sl_si91x_power_manager_init
 .text.sl_si91x_power_manager_remove_peripheral_requirement
                0x08206bdc       0x1c ./wiseconnect3_sdk_3.4.2/components/device/silabs/si91x/mcu/drivers/service/power_manager/src/sl_si91x_power_manager.o
                0x08206bdc                sl_si91x_power_manager_remove_peripheral_requirement
 .text.sl_si91x_power_manager_set_wakeup_sources
                0x08206bf8       0x14 ./wiseconnect3_sdk_3.4.2/components/device/silabs/si91x/mcu/drivers/service/power_manager/src/sl_si91x_power_manager.o
                0x08206bf8                sl_si91x_power_manager_set_wakeup_sources
 .text.sl_si91x_power_manager_configure_ram_retention
                0x08206c0c       0x18 ./wiseconnect3_sdk_3.4.2/components/device/silabs/si91x/mcu/drivers/service/power_manager/src/sl_si91x_power_manager.o
                0x08206c0c                sl_si91x_power_manager_configure_ram_retention
 .text.sl_si91x_power_manager_set_clock_scaling
                0x08206c24       0x3c ./wiseconnect3_sdk_3.4.2/components/device/silabs/si91x/mcu/drivers/service/power_manager/src/sl_si91x_power_manager.o
                0x08206c24                sl_si91x_power_manager_set_clock_scaling
 .text.sl_si91x_power_manager_get_clock_scaling
                0x08206c60        0xc ./wiseconnect3_sdk_3.4.2/components/device/silabs/si91x/mcu/drivers/service/power_manager/src/sl_si91x_power_manager.o
                0x08206c60                sl_si91x_power_manager_get_clock_scaling
 .text.sl_si91x_power_manager_get_current_state
                0x08206c6c        0xc ./wiseconnect3_sdk_3.4.2/components/device/silabs/si91x/mcu/drivers/service/power_manager/src/sl_si91x_power_manager.o
                0x08206c6c                sl_si91x_power_manager_get_current_state
 .text.sl_si91x_get_lowest_ps
                0x08206c78       0x2c ./wiseconnect3_sdk_3.4.2/components/device/silabs/si91x/mcu/drivers/service/power_manager/src/sl_si91x_power_manager.o
                0x08206c78                sl_si91x_get_lowest_ps
 .text.sl_si91x_power_manager_is_ok_to_sleep
                0x08206ca4       0x30 ./wiseconnect3_sdk_3.4.2/components/device/silabs/si91x/mcu/drivers/service/power_manager/src/sl_si91x_power_manager.o
                0x08206ca4                sl_si91x_power_manager_is_ok_to_sleep
 .text.sl_si91x_power_manager_sleep
                0x08206cd4       0x54 ./wiseconnect3_sdk_3.4.2/components/device/silabs/si91x/mcu/drivers/service/power_manager/src/sl_si91x_power_manager.o
                0x08206cd4                sl_si91x_power_manager_sleep
 .text.ps4_to_ps3_state_change
                0x08206d28       0x12 ./wiseconnect3_sdk_3.4.2/components/device/silabs/si91x/mcu/drivers/service/power_manager/src/sli_si91x_power_manager.o
 .text.ps3_to_ps4_state_change
                0x08206d3a       0x12 ./wiseconnect3_sdk_3.4.2/components/device/silabs/si91x/mcu/drivers/service/power_manager/src/sli_si91x_power_manager.o
 .text.initialize_flash
                0x08206d4c       0x74 ./wiseconnect3_sdk_3.4.2/components/device/silabs/si91x/mcu/drivers/service/power_manager/src/sli_si91x_power_manager.o
 .text.trigger_sleep
                0x08206dc0      0x138 ./wiseconnect3_sdk_3.4.2/components/device/silabs/si91x/mcu/drivers/service/power_manager/src/sli_si91x_power_manager.o
 .text.ps2_to_ps1_state_change
                0x08206ef8       0x40 ./wiseconnect3_sdk_3.4.2/components/device/silabs/si91x/mcu/drivers/service/power_manager/src/sli_si91x_power_manager.o
 .text.ps_power_state_change_ps2_to_Ps4.constprop.0.isra.0
                0x08206f38       0xa8 ./wiseconnect3_sdk_3.4.2/components/device/silabs/si91x/mcu/drivers/service/power_manager/src/sli_si91x_power_manager.o
 .text.ps2_to_ps4_state_change
                0x08206fe0       0x30 ./wiseconnect3_sdk_3.4.2/components/device/silabs/si91x/mcu/drivers/service/power_manager/src/sli_si91x_power_manager.o
 .text.ps2_to_ps3_state_change
                0x08207010       0x30 ./wiseconnect3_sdk_3.4.2/components/device/silabs/si91x/mcu/drivers/service/power_manager/src/sli_si91x_power_manager.o
 .text.sli_si91x_power_manager_set_sleep_configuration
                0x08207040       0x48 ./wiseconnect3_sdk_3.4.2/components/device/silabs/si91x/mcu/drivers/service/power_manager/src/sli_si91x_power_manager.o
                0x08207040                sli_si91x_power_manager_set_sleep_configuration
 .text.sli_power_manager_update_peripheral
                0x08207088       0xb0 ./wiseconnect3_sdk_3.4.2/components/device/silabs/si91x/mcu/drivers/service/power_manager/src/sli_si91x_power_manager.o
                0x08207088                sli_power_manager_update_peripheral
 .text.sli_si91x_power_manager_is_valid_transition
                0x08207138       0x28 ./wiseconnect3_sdk_3.4.2/components/device/silabs/si91x/mcu/drivers/service/power_manager/src/sli_si91x_power_manager.o
                0x08207138                sli_si91x_power_manager_is_valid_transition
 .text.sli_si91x_power_configure_wakeup_resource
                0x08207160       0x28 ./wiseconnect3_sdk_3.4.2/components/device/silabs/si91x/mcu/drivers/service/power_manager/src/sli_si91x_power_manager.o
                0x08207160                sli_si91x_power_configure_wakeup_resource
 .text.sli_si91x_power_manager_set_ram_retention_configuration
                0x08207188       0xf4 ./wiseconnect3_sdk_3.4.2/components/device/silabs/si91x/mcu/drivers/service/power_manager/src/sli_si91x_power_manager.o
                0x08207188                sli_si91x_power_manager_set_ram_retention_configuration
 .text.sli_si91x_power_manager_low_power_hw_config
                0x0820727c       0x90 ./wiseconnect3_sdk_3.4.2/components/device/silabs/si91x/mcu/drivers/service/power_manager/src/sli_si91x_power_manager.o
                0x0820727c                sli_si91x_power_manager_low_power_hw_config
 .text.ps4_to_ps2_state_change
                0x0820730c      0x104 ./wiseconnect3_sdk_3.4.2/components/device/silabs/si91x/mcu/drivers/service/power_manager/src/sli_si91x_power_manager.o
 .text.ps3_to_ps2_state_change
                0x08207410        0x4 ./wiseconnect3_sdk_3.4.2/components/device/silabs/si91x/mcu/drivers/service/power_manager/src/sli_si91x_power_manager.o
 .text.ps4_to_ps0_state_change
                0x08207414       0x48 ./wiseconnect3_sdk_3.4.2/components/device/silabs/si91x/mcu/drivers/service/power_manager/src/sli_si91x_power_manager.o
 .text.ps3_to_ps0_state_change
                0x0820745c        0x4 ./wiseconnect3_sdk_3.4.2/components/device/silabs/si91x/mcu/drivers/service/power_manager/src/sli_si91x_power_manager.o
 .text.sli_si91x_power_manager_init_hardware
                0x08207460       0x3c ./wiseconnect3_sdk_3.4.2/components/device/silabs/si91x/mcu/drivers/service/power_manager/src/sli_si91x_power_manager.o
                0x08207460                sli_si91x_power_manager_init_hardware
 .text.sli_si91x_power_manager_wireless_wakeup_init
                0x0820749c       0x24 ./wiseconnect3_sdk_3.4.2/components/device/silabs/si91x/mcu/drivers/service/power_manager/src/sli_si91x_power_manager_wakeup_init.o
                0x0820749c                sli_si91x_power_manager_wireless_wakeup_init
 .text.IRQ026_Handler
                0x082074c0        0x8 ./wiseconnect3_sdk_3.4.2/components/device/silabs/si91x/mcu/drivers/service/power_manager/src/sli_si91x_power_manager_wakeup_init.o
                0x082074c0                IRQ026_Handler
 .text.RSI_BOD_IntrClr
                0x082074c8       0x1c ./wiseconnect3_sdk_3.4.2/components/device/silabs/si91x/mcu/drivers/systemlevel/src/rsi_bod.o
                0x082074c8                RSI_BOD_IntrClr
 .text.RSI_BOD_SoftTriggerGetBatteryStatus
                0x082074e4       0xc8 ./wiseconnect3_sdk_3.4.2/components/device/silabs/si91x/mcu/drivers/systemlevel/src/rsi_bod.o
                0x082074e4                RSI_BOD_SoftTriggerGetBatteryStatus
 .text.RSI_IPMU_UpdateIpmuCalibData_efuse
                0x082075ac      0x300 ./wiseconnect3_sdk_3.4.2/components/device/silabs/si91x/mcu/drivers/systemlevel/src/rsi_ipmu.o
                0x082075ac                RSI_IPMU_UpdateIpmuCalibData_efuse
 .text.RSI_Ipmu_Init
                0x082078ac        0x4 ./wiseconnect3_sdk_3.4.2/components/device/silabs/si91x/mcu/drivers/systemlevel/src/rsi_ipmu.o
                0x082078ac                RSI_Ipmu_Init
 .text.RSI_Configure_Ipmu_Mode
                0x082078b0       0x74 ./wiseconnect3_sdk_3.4.2/components/device/silabs/si91x/mcu/drivers/systemlevel/src/rsi_ipmu.o
                0x082078b0                RSI_Configure_Ipmu_Mode
 .text.RSI_IPMU_PowerGateSet
                0x08207924       0x34 ./wiseconnect3_sdk_3.4.2/components/device/silabs/si91x/mcu/drivers/systemlevel/src/rsi_ipmu.o
                0x08207924                RSI_IPMU_PowerGateSet
 .text.RSI_IPMU_PowerGateClr
                0x08207958       0x4c ./wiseconnect3_sdk_3.4.2/components/device/silabs/si91x/mcu/drivers/systemlevel/src/rsi_ipmu.o
                0x08207958                RSI_IPMU_PowerGateClr
 .text.RSI_IPMU_ClockMuxSel
                0x082079a4       0x40 ./wiseconnect3_sdk_3.4.2/components/device/silabs/si91x/mcu/drivers/systemlevel/src/rsi_ipmu.o
                0x082079a4                RSI_IPMU_ClockMuxSel
 .text.RSI_IPMU_ProgramConfigData
                0x082079e4       0xea ./wiseconnect3_sdk_3.4.2/components/device/silabs/si91x/mcu/drivers/systemlevel/src/rsi_ipmu.o
                0x082079e4                RSI_IPMU_ProgramConfigData
 .text.RSI_APB_ProgramConfigData
                0x08207ace       0xc8 ./wiseconnect3_sdk_3.4.2/components/device/silabs/si91x/mcu/drivers/systemlevel/src/rsi_ipmu.o
                0x08207ace                RSI_APB_ProgramConfigData
 *fill*         0x08207b96        0x2 
 .text.RSI_IPMU_PocbiasCurrent
                0x08207b98        0xc ./wiseconnect3_sdk_3.4.2/components/device/silabs/si91x/mcu/drivers/systemlevel/src/rsi_ipmu.o
                0x08207b98                RSI_IPMU_PocbiasCurrent
 .text.RSI_IPMU_RO32khzTrim00Efuse
                0x08207ba4        0xc ./wiseconnect3_sdk_3.4.2/components/device/silabs/si91x/mcu/drivers/systemlevel/src/rsi_ipmu.o
                0x08207ba4                RSI_IPMU_RO32khzTrim00Efuse
 .text.RSI_IPMU_RetnLdoVoltsel
                0x08207bb0        0xc ./wiseconnect3_sdk_3.4.2/components/device/silabs/si91x/mcu/drivers/systemlevel/src/rsi_ipmu.o
                0x08207bb0                RSI_IPMU_RetnLdoVoltsel
 .text.RSI_IPMU_RetnLdo0p75
                0x08207bbc        0xc ./wiseconnect3_sdk_3.4.2/components/device/silabs/si91x/mcu/drivers/systemlevel/src/rsi_ipmu.o
                0x08207bbc                RSI_IPMU_RetnLdo0p75
 .text.RSI_IPMU_RetnLdoLpmode
                0x08207bc8       0x1c ./wiseconnect3_sdk_3.4.2/components/device/silabs/si91x/mcu/drivers/systemlevel/src/rsi_ipmu.o
                0x08207bc8                RSI_IPMU_RetnLdoLpmode
 .text.RSI_IPMU_RetnLdoHpmode
                0x08207be4       0x1c ./wiseconnect3_sdk_3.4.2/components/device/silabs/si91x/mcu/drivers/systemlevel/src/rsi_ipmu.o
                0x08207be4                RSI_IPMU_RetnLdoHpmode
 .text.RSI_IPMU_M32rc_OscTrimEfuse
                0x08207c00       0x28 ./wiseconnect3_sdk_3.4.2/components/device/silabs/si91x/mcu/drivers/systemlevel/src/rsi_ipmu.o
                0x08207c00                RSI_IPMU_M32rc_OscTrimEfuse
 .text.RSI_IPMU_M20rcOsc_TrimEfuse
                0x08207c28       0x30 ./wiseconnect3_sdk_3.4.2/components/device/silabs/si91x/mcu/drivers/systemlevel/src/rsi_ipmu.o
                0x08207c28                RSI_IPMU_M20rcOsc_TrimEfuse
 .text.RSI_IPMU_DBLR32M_TrimEfuse
                0x08207c58       0x18 ./wiseconnect3_sdk_3.4.2/components/device/silabs/si91x/mcu/drivers/systemlevel/src/rsi_ipmu.o
                0x08207c58                RSI_IPMU_DBLR32M_TrimEfuse
 .text.RSI_IPMU_M20roOsc_TrimEfuse
                0x08207c70       0x28 ./wiseconnect3_sdk_3.4.2/components/device/silabs/si91x/mcu/drivers/systemlevel/src/rsi_ipmu.o
                0x08207c70                RSI_IPMU_M20roOsc_TrimEfuse
 .text.RSI_IPMU_RO32khz_TrimEfuse
                0x08207c98       0x18 ./wiseconnect3_sdk_3.4.2/components/device/silabs/si91x/mcu/drivers/systemlevel/src/rsi_ipmu.o
                0x08207c98                RSI_IPMU_RO32khz_TrimEfuse
 .text.RSI_IPMU_RC32khz_TrimEfuse
                0x08207cb0       0x18 ./wiseconnect3_sdk_3.4.2/components/device/silabs/si91x/mcu/drivers/systemlevel/src/rsi_ipmu.o
                0x08207cb0                RSI_IPMU_RC32khz_TrimEfuse
 .text.RSI_IPMU_RO_TsEfuse
                0x08207cc8        0xc ./wiseconnect3_sdk_3.4.2/components/device/silabs/si91x/mcu/drivers/systemlevel/src/rsi_ipmu.o
                0x08207cc8                RSI_IPMU_RO_TsEfuse
 .text.RSI_IPMU_RO_TsConfig
                0x08207cd4        0xc ./wiseconnect3_sdk_3.4.2/components/device/silabs/si91x/mcu/drivers/systemlevel/src/rsi_ipmu.o
                0x08207cd4                RSI_IPMU_RO_TsConfig
 .text.RSI_IPMU_Vbg_Tsbjt_Efuse
                0x08207ce0        0xc ./wiseconnect3_sdk_3.4.2/components/device/silabs/si91x/mcu/drivers/systemlevel/src/rsi_ipmu.o
                0x08207ce0                RSI_IPMU_Vbg_Tsbjt_Efuse
 .text.RSI_IPMU_Auxadcoff_DiffEfuse
                0x08207cec        0xc ./wiseconnect3_sdk_3.4.2/components/device/silabs/si91x/mcu/drivers/systemlevel/src/rsi_ipmu.o
                0x08207cec                RSI_IPMU_Auxadcoff_DiffEfuse
 .text.RSI_IPMU_Auxadcgain_DiffEfuse
                0x08207cf8        0xc ./wiseconnect3_sdk_3.4.2/components/device/silabs/si91x/mcu/drivers/systemlevel/src/rsi_ipmu.o
                0x08207cf8                RSI_IPMU_Auxadcgain_DiffEfuse
 .text.RSI_IPMU_Auxadcoff_SeEfuse
                0x08207d04        0xc ./wiseconnect3_sdk_3.4.2/components/device/silabs/si91x/mcu/drivers/systemlevel/src/rsi_ipmu.o
                0x08207d04                RSI_IPMU_Auxadcoff_SeEfuse
 .text.RSI_IPMU_Auxadcgain_SeEfuse
                0x08207d10        0xc ./wiseconnect3_sdk_3.4.2/components/device/silabs/si91x/mcu/drivers/systemlevel/src/rsi_ipmu.o
                0x08207d10                RSI_IPMU_Auxadcgain_SeEfuse
 .text.RSI_IPMU_Delvbe_Tsbjt_Efuse
                0x08207d1c        0xc ./wiseconnect3_sdk_3.4.2/components/device/silabs/si91x/mcu/drivers/systemlevel/src/rsi_ipmu.o
                0x08207d1c                RSI_IPMU_Delvbe_Tsbjt_Efuse
 .text._usdelay
                0x08207d28        0x6 ./wiseconnect3_sdk_3.4.2/components/device/silabs/si91x/mcu/drivers/systemlevel/src/rsi_pll.o
 *fill*         0x08207d2e        0x2 
 .text.clk_m4_soc_clk_config
                0x08207d30       0xc8 ./wiseconnect3_sdk_3.4.2/components/device/silabs/si91x/mcu/drivers/systemlevel/src/rsi_pll.o
                0x08207d30                clk_m4_soc_clk_config
 .text.ulpss_enable_ref_clks
                0x08207df8       0xf8 ./wiseconnect3_sdk_3.4.2/components/device/silabs/si91x/mcu/drivers/systemlevel/src/rsi_pll.o
                0x08207df8                ulpss_enable_ref_clks
 .text.clk_m4ss_ref_clk_config
                0x08207ef0       0xcc ./wiseconnect3_sdk_3.4.2/components/device/silabs/si91x/mcu/drivers/systemlevel/src/rsi_pll.o
                0x08207ef0                clk_m4ss_ref_clk_config
 .text.ps_clr_wkp_up_status
                0x08207fbc      0x174 ./wiseconnect3_sdk_3.4.2/components/device/silabs/si91x/mcu/drivers/systemlevel/src/rsi_power_save.o
                0x08207fbc                ps_clr_wkp_up_status
 .text.RSI_TS_Enable
                0x08208130        0xa ./wiseconnect3_sdk_3.4.2/components/device/silabs/si91x/mcu/drivers/systemlevel/src/rsi_temp_sensor.o
                0x08208130                RSI_TS_Enable
 .text.RSI_TS_Config
                0x0820813a       0x36 ./wiseconnect3_sdk_3.4.2/components/device/silabs/si91x/mcu/drivers/systemlevel/src/rsi_temp_sensor.o
                0x0820813a                RSI_TS_Config
 .text.RSI_TS_ReadTemp
                0x08208170        0xe ./wiseconnect3_sdk_3.4.2/components/device/silabs/si91x/mcu/drivers/systemlevel/src/rsi_temp_sensor.o
                0x08208170                RSI_TS_ReadTemp
 .text.RSI_TS_RoBjtEnable
                0x0820817e       0x28 ./wiseconnect3_sdk_3.4.2/components/device/silabs/si91x/mcu/drivers/systemlevel/src/rsi_temp_sensor.o
                0x0820817e                RSI_TS_RoBjtEnable
 .text.RSI_Periodic_TempUpdate
                0x082081a6       0x12 ./wiseconnect3_sdk_3.4.2/components/device/silabs/si91x/mcu/drivers/systemlevel/src/rsi_temp_sensor.o
                0x082081a6                RSI_Periodic_TempUpdate
 .text.RSI_TIMEPERIOD_TimerClkSel
                0x082081b8       0x40 ./wiseconnect3_sdk_3.4.2/components/device/silabs/si91x/mcu/drivers/systemlevel/src/rsi_time_period.o
                0x082081b8                RSI_TIMEPERIOD_TimerClkSel
 .text.ulpss_ref_clk_config
                0x082081f8       0xbc ./wiseconnect3_sdk_3.4.2/components/device/silabs/si91x/mcu/drivers/systemlevel/src/rsi_ulpss_clk.o
                0x082081f8                ulpss_ref_clk_config
 .text.convert_rsi_to_sl_error_code
                0x082082b4       0x58 ./wiseconnect3_sdk_3.4.2/components/device/silabs/si91x/mcu/drivers/unified_api/src/sl_si91x_adc.o
 .text.validate_adc_parameters
                0x0820830c       0x18 ./wiseconnect3_sdk_3.4.2/components/device/silabs/si91x/mcu/drivers/unified_api/src/sl_si91x_adc.o
 .text.validate_adc_channel_parameters
                0x08208324       0x70 ./wiseconnect3_sdk_3.4.2/components/device/silabs/si91x/mcu/drivers/unified_api/src/sl_si91x_adc.o
 .text.callback_event_handler
                0x08208394       0x14 ./wiseconnect3_sdk_3.4.2/components/device/silabs/si91x/mcu/drivers/unified_api/src/sl_si91x_adc.o
 .text.sl_si91x_adc_init
                0x082083a8      0x140 ./wiseconnect3_sdk_3.4.2/components/device/silabs/si91x/mcu/drivers/unified_api/src/sl_si91x_adc.o
                0x082083a8                sl_si91x_adc_init
 .text.sl_si91x_adc_set_channel_configuration
                0x082084e8       0x70 ./wiseconnect3_sdk_3.4.2/components/device/silabs/si91x/mcu/drivers/unified_api/src/sl_si91x_adc.o
                0x082084e8                sl_si91x_adc_set_channel_configuration
 .text.sl_si91x_adc_register_event_callback
                0x08208558       0x1c ./wiseconnect3_sdk_3.4.2/components/device/silabs/si91x/mcu/drivers/unified_api/src/sl_si91x_adc.o
                0x08208558                sl_si91x_adc_register_event_callback
 .text.sl_si91x_adc_temperature_sensor_enable
                0x08208574       0x14 ./wiseconnect3_sdk_3.4.2/components/device/silabs/si91x/mcu/drivers/unified_api/src/sl_si91x_adc.o
                0x08208574                sl_si91x_adc_temperature_sensor_enable
 .text.sl_si91x_adc_start
                0x08208588       0x1e ./wiseconnect3_sdk_3.4.2/components/device/silabs/si91x/mcu/drivers/unified_api/src/sl_si91x_adc.o
                0x08208588                sl_si91x_adc_start
 .text.sl_si91x_adc_stop
                0x082085a6       0x1e ./wiseconnect3_sdk_3.4.2/components/device/silabs/si91x/mcu/drivers/unified_api/src/sl_si91x_adc.o
                0x082085a6                sl_si91x_adc_stop
 .text.sl_si91x_adc_deinit
                0x082085c4       0x28 ./wiseconnect3_sdk_3.4.2/components/device/silabs/si91x/mcu/drivers/unified_api/src/sl_si91x_adc.o
                0x082085c4                sl_si91x_adc_deinit
 .text.callback_event
                0x082085ec       0x10 ./wiseconnect3_sdk_3.4.2/components/device/silabs/si91x/mcu/drivers/unified_api/src/sl_si91x_bjt_temperature_sensor.o
 .text.sl_si91x_bjt_temperature_sensor_init
                0x082085fc       0xb0 ./wiseconnect3_sdk_3.4.2/components/device/silabs/si91x/mcu/drivers/unified_api/src/sl_si91x_bjt_temperature_sensor.o
                0x082085fc                sl_si91x_bjt_temperature_sensor_init
 .text.sl_si91x_bjt_temperature_sensor_bg_set_channel_configuration
                0x082086ac       0x60 ./wiseconnect3_sdk_3.4.2/components/device/silabs/si91x/mcu/drivers/unified_api/src/sl_si91x_bjt_temperature_sensor.o
                0x082086ac                sl_si91x_bjt_temperature_sensor_bg_set_channel_configuration
 .text.sl_si91x_bjt_temperature_sensor_state
                0x0820870c       0x24 ./wiseconnect3_sdk_3.4.2/components/device/silabs/si91x/mcu/drivers/unified_api/src/sl_si91x_bjt_temperature_sensor.o
                0x0820870c                sl_si91x_bjt_temperature_sensor_state
 .text.sl_si91x_bjt_temperature_sensor_set_channel_configuration
                0x08208730       0x48 ./wiseconnect3_sdk_3.4.2/components/device/silabs/si91x/mcu/drivers/unified_api/src/sl_si91x_bjt_temperature_sensor.o
                0x08208730                sl_si91x_bjt_temperature_sensor_set_channel_configuration
 .text.sl_si91x_bjt_temperature_sensor_read_data
                0x08208778      0x160 ./wiseconnect3_sdk_3.4.2/components/device/silabs/si91x/mcu/drivers/unified_api/src/sl_si91x_bjt_temperature_sensor.o
                0x08208778                sl_si91x_bjt_temperature_sensor_read_data
 .text.sl_si91x_bjt_temperature_sensor_deinit
                0x082088d8       0x44 ./wiseconnect3_sdk_3.4.2/components/device/silabs/si91x/mcu/drivers/unified_api/src/sl_si91x_bjt_temperature_sensor.o
                0x082088d8                sl_si91x_bjt_temperature_sensor_deinit
 .text.sl_si91x_dma_init
                0x0820891c       0x70 ./wiseconnect3_sdk_3.4.2/components/device/silabs/si91x/mcu/drivers/unified_api/src/sl_si91x_dma.o
                0x0820891c                sl_si91x_dma_init
 .text.sl_si91x_dma_allocate_channel
                0x0820898c       0xdc ./wiseconnect3_sdk_3.4.2/components/device/silabs/si91x/mcu/drivers/unified_api/src/sl_si91x_dma.o
                0x0820898c                sl_si91x_dma_allocate_channel
 .text.sl_si91x_dma_register_callbacks
                0x08208a68       0x5c ./wiseconnect3_sdk_3.4.2/components/device/silabs/si91x/mcu/drivers/unified_api/src/sl_si91x_dma.o
                0x08208a68                sl_si91x_dma_register_callbacks
 .text.sl_si91x_dma_unregister_callbacks
                0x08208ac4       0x88 ./wiseconnect3_sdk_3.4.2/components/device/silabs/si91x/mcu/drivers/unified_api/src/sl_si91x_dma.o
                0x08208ac4                sl_si91x_dma_unregister_callbacks
 .text.sl_gpio_clear_interrupts
                0x08208b4c       0x14 ./wiseconnect3_sdk_3.4.2/components/device/silabs/si91x/mcu/drivers/unified_api/src/sl_si91x_driver_gpio.o
 .text.IRQ052_Handler
                0x08208b60       0x18 ./wiseconnect3_sdk_3.4.2/components/device/silabs/si91x/mcu/drivers/unified_api/src/sl_si91x_driver_gpio.o
                0x08208b60                IRQ052_Handler
 .text.IRQ053_Handler
                0x08208b78       0x18 ./wiseconnect3_sdk_3.4.2/components/device/silabs/si91x/mcu/drivers/unified_api/src/sl_si91x_driver_gpio.o
                0x08208b78                IRQ053_Handler
 .text.IRQ054_Handler
                0x08208b90       0x18 ./wiseconnect3_sdk_3.4.2/components/device/silabs/si91x/mcu/drivers/unified_api/src/sl_si91x_driver_gpio.o
                0x08208b90                IRQ054_Handler
 .text.IRQ055_Handler
                0x08208ba8       0x18 ./wiseconnect3_sdk_3.4.2/components/device/silabs/si91x/mcu/drivers/unified_api/src/sl_si91x_driver_gpio.o
                0x08208ba8                IRQ055_Handler
 .text.IRQ056_Handler
                0x08208bc0       0x18 ./wiseconnect3_sdk_3.4.2/components/device/silabs/si91x/mcu/drivers/unified_api/src/sl_si91x_driver_gpio.o
                0x08208bc0                IRQ056_Handler
 .text.IRQ057_Handler
                0x08208bd8       0x18 ./wiseconnect3_sdk_3.4.2/components/device/silabs/si91x/mcu/drivers/unified_api/src/sl_si91x_driver_gpio.o
                0x08208bd8                IRQ057_Handler
 .text.IRQ058_Handler
                0x08208bf0       0x18 ./wiseconnect3_sdk_3.4.2/components/device/silabs/si91x/mcu/drivers/unified_api/src/sl_si91x_driver_gpio.o
                0x08208bf0                IRQ058_Handler
 .text.IRQ059_Handler
                0x08208c08       0x18 ./wiseconnect3_sdk_3.4.2/components/device/silabs/si91x/mcu/drivers/unified_api/src/sl_si91x_driver_gpio.o
                0x08208c08                IRQ059_Handler
 .text.IRQ050_Handler
                0x08208c20       0x18 ./wiseconnect3_sdk_3.4.2/components/device/silabs/si91x/mcu/drivers/unified_api/src/sl_si91x_driver_gpio.o
                0x08208c20                IRQ050_Handler
 .text.IRQ051_Handler
                0x08208c38       0x18 ./wiseconnect3_sdk_3.4.2/components/device/silabs/si91x/mcu/drivers/unified_api/src/sl_si91x_driver_gpio.o
                0x08208c38                IRQ051_Handler
 .text.IRQ021_Handler
                0x08208c50       0x68 ./wiseconnect3_sdk_3.4.2/components/device/silabs/si91x/mcu/drivers/unified_api/src/sl_si91x_driver_gpio.o
                0x08208c50                IRQ021_Handler
 .text.IRQ018_Handler
                0x08208cb8       0xa4 ./wiseconnect3_sdk_3.4.2/components/device/silabs/si91x/mcu/drivers/unified_api/src/sl_si91x_driver_gpio.o
                0x08208cb8                IRQ018_Handler
 .text.IRQ019_Handler
                0x08208d5c       0x3c ./wiseconnect3_sdk_3.4.2/components/device/silabs/si91x/mcu/drivers/unified_api/src/sl_si91x_driver_gpio.o
                0x08208d5c                IRQ019_Handler
 .text.sl_si91x_gpio_clear_group_interrupt
                0x08208d98       0x14 ./wiseconnect3_sdk_3.4.2/components/device/silabs/si91x/mcu/drivers/unified_peripheral_drivers/src/sl_si91x_peripheral_gpio.o
                0x08208d98                sl_si91x_gpio_clear_group_interrupt
 .text.sl_si91x_gpio_clear_uulp_interrupt
                0x08208dac        0xc ./wiseconnect3_sdk_3.4.2/components/device/silabs/si91x/mcu/drivers/unified_peripheral_drivers/src/sl_si91x_peripheral_gpio.o
                0x08208dac                sl_si91x_gpio_clear_uulp_interrupt
 .text.sl_si91x_gpio_get_uulp_interrupt_status
                0x08208db8       0x10 ./wiseconnect3_sdk_3.4.2/components/device/silabs/si91x/mcu/drivers/unified_peripheral_drivers/src/sl_si91x_peripheral_gpio.o
                0x08208db8                sl_si91x_gpio_get_uulp_interrupt_status
 .text.sl_si91x_gpio_get_ulp_interrupt_status
                0x08208dc8       0x10 ./wiseconnect3_sdk_3.4.2/components/device/silabs/si91x/mcu/drivers/unified_peripheral_drivers/src/sl_si91x_peripheral_gpio.o
                0x08208dc8                sl_si91x_gpio_get_ulp_interrupt_status
 .text.sl_si91x_gpio_clear_ulp_interrupt
                0x08208dd8       0x14 ./wiseconnect3_sdk_3.4.2/components/device/silabs/si91x/mcu/drivers/unified_peripheral_drivers/src/sl_si91x_peripheral_gpio.o
                0x08208dd8                sl_si91x_gpio_clear_ulp_interrupt
 .text.sl_si91x_gpio_clear_ulp_group_interrupt
                0x08208dec       0x14 ./wiseconnect3_sdk_3.4.2/components/device/silabs/si91x/mcu/drivers/unified_peripheral_drivers/src/sl_si91x_peripheral_gpio.o
                0x08208dec                sl_si91x_gpio_clear_ulp_group_interrupt
 .text.sl_assert_failed
                0x08208e00       0x10 ./wiseconnect3_sdk_3.4.2/components/device/silabs/si91x/mcu/drivers/unified_peripheral_drivers/src/sl_si91x_peripheral_gpio.o
                0x08208e00                sl_assert_failed
 .text.sl_si91x_gpio_get_group_interrupt_status
                0x08208e10       0x58 ./wiseconnect3_sdk_3.4.2/components/device/silabs/si91x/mcu/drivers/unified_peripheral_drivers/src/sl_si91x_peripheral_gpio.o
                0x08208e10                sl_si91x_gpio_get_group_interrupt_status
 .text.sli_si91x_platform_init
                0x08208e68       0x40 ./wiseconnect3_sdk_3.4.2/components/device/silabs/si91x/wireless/ahb_interface/src/sl_platform.o
                0x08208e68                sli_si91x_platform_init
 .text.sli_si91x_configure_wireless_frontend_controls
                0x08208ea8       0x44 ./wiseconnect3_sdk_3.4.2/components/device/silabs/si91x/wireless/ahb_interface/src/sl_platform_wireless.o
                0x08208ea8                sli_si91x_configure_wireless_frontend_controls
 .text.unmask_ta_interrupt
                0x08208eec        0xc ./wiseconnect3_sdk_3.4.2/components/device/silabs/si91x/wireless/ahb_interface/src/sli_siwx917_soc.o
                0x08208eec                unmask_ta_interrupt
 .text.sli_m4_ta_interrupt_init
                0x08208ef8       0x2c ./wiseconnect3_sdk_3.4.2/components/device/silabs/si91x/wireless/ahb_interface/src/sli_siwx917_soc.o
                0x08208ef8                sli_m4_ta_interrupt_init
 .text.rsi_ble_start_advertising
                0x08208f24       0x5c ./wiseconnect3_sdk_3.4.2/components/device/silabs/si91x/wireless/ble/src/rsi_ble_gap_apis.o
                0x08208f24                rsi_ble_start_advertising
 .text.rsi_ble_smp_passkey
                0x08208f80       0x24 ./wiseconnect3_sdk_3.4.2/components/device/silabs/si91x/wireless/ble/src/rsi_ble_gap_apis.o
                0x08208f80                rsi_ble_smp_passkey
 .text.rsi_bt_get_proto_type
                0x08208fa4      0x10c ./wiseconnect3_sdk_3.4.2/components/device/silabs/si91x/wireless/ble/src/rsi_bt_ble.o
                0x08208fa4                rsi_bt_get_proto_type
 .text.rsi_bt_get_timeout
                0x082090b0       0x88 ./wiseconnect3_sdk_3.4.2/components/device/silabs/si91x/wireless/ble/src/rsi_bt_ble.o
                0x082090b0                rsi_bt_get_timeout
 .text.rsi_ble_smp_register_callbacks
                0x08209138       0x38 ./wiseconnect3_sdk_3.4.2/components/device/silabs/si91x/wireless/ble/src/rsi_bt_ble.o
                0x08209138                rsi_ble_smp_register_callbacks
 .text.rsi_bt_prepare_common_pkt
                0x08209170      0x14c ./wiseconnect3_sdk_3.4.2/components/device/silabs/si91x/wireless/ble/src/rsi_bt_ble.o
                0x08209170                rsi_bt_prepare_common_pkt
 .text.rsi_bt_prepare_le_pkt
                0x082092bc      0x760 ./wiseconnect3_sdk_3.4.2/components/device/silabs/si91x/wireless/ble/src/rsi_bt_ble.o
                0x082092bc                rsi_bt_prepare_le_pkt
 .text.rsi_bt_driver_send_cmd
                0x08209a1c      0x1bc ./wiseconnect3_sdk_3.4.2/components/device/silabs/si91x/wireless/ble/src/rsi_bt_ble.o
                0x08209a1c                rsi_bt_driver_send_cmd
 .text.rsi_bt_set_local_name
                0x08209bd8       0x48 ./wiseconnect3_sdk_3.4.2/components/device/silabs/si91x/wireless/ble/src/rsi_bt_common_apis.o
                0x08209bd8                rsi_bt_set_local_name
 .text.rsi_uint16_to_2bytes
                0x08209c20       0x1c ./wiseconnect3_sdk_3.4.2/components/device/silabs/si91x/wireless/ble/src/rsi_utils.o
                0x08209c20                rsi_uint16_to_2bytes
 .text.rsi_ascii_hex2num
                0x08209c3c       0x2e ./wiseconnect3_sdk_3.4.2/components/device/silabs/si91x/wireless/ble/src/rsi_utils.o
                0x08209c3c                rsi_ascii_hex2num
 .text.rsi_char_hex2dec
                0x08209c6a       0x2a ./wiseconnect3_sdk_3.4.2/components/device/silabs/si91x/wireless/ble/src/rsi_utils.o
                0x08209c6a                rsi_char_hex2dec
 .text.rsi_ascii_dev_address_to_6bytes_rev
                0x08209c94       0x70 ./wiseconnect3_sdk_3.4.2/components/device/silabs/si91x/wireless/ble/src/rsi_utils.o
                0x08209c94                rsi_ascii_dev_address_to_6bytes_rev
 .text.sl_si91x_errno
                0x08209d04       0x1c ./wiseconnect3_sdk_3.4.2/components/device/silabs/si91x/wireless/errno/src/sl_si91x_errno.o
                0x08209d04                sl_si91x_errno
 .text.sl_si91x_host_is_in_irq_context
                0x08209d20       0x14 ./wiseconnect3_sdk_3.4.2/components/device/silabs/si91x/wireless/host_mcu/si91x/siwx917_soc_ncp_host.o
                0x08209d20                sl_si91x_host_is_in_irq_context
 .text.sl_wifi_get_performance_profile
                0x08209d34       0x18 ./wiseconnect3_sdk_3.4.2/components/protocol/wifi/si91x/sl_wifi.o
                0x08209d34                sl_wifi_get_performance_profile
 .text          0x08209d4c      0x378 d:/siliconlabs/simplicity studio/developer/toolchains/gnu_arm/12.2.rel1_2023.7/bin/../lib/gcc/arm-none-eabi/12.2.1/thumb/v7e-m+fp/softfp\libgcc.a(_arm_addsubdf3.o)
                0x08209d4c                __aeabi_drsub
                0x08209d54                __aeabi_dsub
                0x08209d54                __subdf3
                0x08209d58                __aeabi_dadd
                0x08209d58                __adddf3
                0x08209fd0                __floatunsidf
                0x08209fd0                __aeabi_ui2d
                0x08209ff0                __floatsidf
                0x08209ff0                __aeabi_i2d
                0x0820a014                __aeabi_f2d
                0x0820a014                __extendsfdf2
                0x0820a058                __floatundidf
                0x0820a058                __aeabi_ul2d
                0x0820a068                __floatdidf
                0x0820a068                __aeabi_l2d
 .text          0x0820a0c4      0x424 d:/siliconlabs/simplicity studio/developer/toolchains/gnu_arm/12.2.rel1_2023.7/bin/../lib/gcc/arm-none-eabi/12.2.1/thumb/v7e-m+fp/softfp\libgcc.a(_arm_muldivdf3.o)
                0x0820a0c4                __aeabi_dmul
                0x0820a0c4                __muldf3
                0x0820a318                __divdf3
                0x0820a318                __aeabi_ddiv
 .text          0x0820a4e8      0x110 d:/siliconlabs/simplicity studio/developer/toolchains/gnu_arm/12.2.rel1_2023.7/bin/../lib/gcc/arm-none-eabi/12.2.1/thumb/v7e-m+fp/softfp\libgcc.a(_arm_cmpdf2.o)
                0x0820a4e8                __gtdf2
                0x0820a4e8                __gedf2
                0x0820a4f0                __ltdf2
                0x0820a4f0                __ledf2
                0x0820a4f8                __nedf2
                0x0820a4f8                __eqdf2
                0x0820a4f8                __cmpdf2
                0x0820a574                __aeabi_cdrcmple
                0x0820a584                __aeabi_cdcmpeq
                0x0820a584                __aeabi_cdcmple
                0x0820a594                __aeabi_dcmpeq
                0x0820a5a8                __aeabi_dcmplt
                0x0820a5bc                __aeabi_dcmple
                0x0820a5d0                __aeabi_dcmpge
                0x0820a5e4                __aeabi_dcmpgt
 .text          0x0820a5f8       0x40 d:/siliconlabs/simplicity studio/developer/toolchains/gnu_arm/12.2.rel1_2023.7/bin/../lib/gcc/arm-none-eabi/12.2.1/thumb/v7e-m+fp/softfp\libgcc.a(_arm_fixunsdfsi.o)
                0x0820a5f8                __aeabi_d2uiz
                0x0820a5f8                __fixunsdfsi
 .text          0x0820a638       0x30 d:/siliconlabs/simplicity studio/developer/toolchains/gnu_arm/12.2.rel1_2023.7/bin/../lib/gcc/arm-none-eabi/12.2.1/thumb/v7e-m+fp/softfp\libgcc.a(_aeabi_uldivmod.o)
                0x0820a638                __aeabi_uldivmod
 .text.__udivmoddi4
                0x0820a668      0x2bc d:/siliconlabs/simplicity studio/developer/toolchains/gnu_arm/12.2.rel1_2023.7/bin/../lib/gcc/arm-none-eabi/12.2.1/thumb/v7e-m+fp/softfp\libgcc.a(_udivmoddi4.o)
                0x0820a668                __udivmoddi4
 .text          0x0820a924        0x4 d:/siliconlabs/simplicity studio/developer/toolchains/gnu_arm/12.2.rel1_2023.7/bin/../lib/gcc/arm-none-eabi/12.2.1/thumb/v7e-m+fp/softfp\libgcc.a(_dvmd_tls.o)
                0x0820a924                __aeabi_idiv0
                0x0820a924                __aeabi_ldiv0
 .text.__assert_func
                0x0820a928       0x3c d:/siliconlabs/simplicity studio/developer/toolchains/gnu_arm/12.2.rel1_2023.7/bin/../lib/gcc/arm-none-eabi/12.2.1/thumb/v7e-m+fp/softfp\libc_nano.a(libc_a-assert.o)
                0x0820a928                __assert_func
 .text._calloc_r
                0x0820a964       0x28 d:/siliconlabs/simplicity studio/developer/toolchains/gnu_arm/12.2.rel1_2023.7/bin/../lib/gcc/arm-none-eabi/12.2.1/thumb/v7e-m+fp/softfp\libc_nano.a(libc_a-callocr.o)
                0x0820a964                _calloc_r
 .text.malloc   0x0820a98c       0x10 d:/siliconlabs/simplicity studio/developer/toolchains/gnu_arm/12.2.rel1_2023.7/bin/../lib/gcc/arm-none-eabi/12.2.1/thumb/v7e-m+fp/softfp\libc_nano.a(libc_a-malloc.o)
                0x0820a98c                malloc
 .text.free     0x0820a99c       0x10 d:/siliconlabs/simplicity studio/developer/toolchains/gnu_arm/12.2.rel1_2023.7/bin/../lib/gcc/arm-none-eabi/12.2.1/thumb/v7e-m+fp/softfp\libc_nano.a(libc_a-malloc.o)
                0x0820a99c                free
 .text.sbrk_aligned
                0x0820a9ac       0x44 d:/siliconlabs/simplicity studio/developer/toolchains/gnu_arm/12.2.rel1_2023.7/bin/../lib/gcc/arm-none-eabi/12.2.1/thumb/v7e-m+fp/softfp\libc_nano.a(libc_a-mallocr.o)
 .text._malloc_r
                0x0820a9f0       0xf0 d:/siliconlabs/simplicity studio/developer/toolchains/gnu_arm/12.2.rel1_2023.7/bin/../lib/gcc/arm-none-eabi/12.2.1/thumb/v7e-m+fp/softfp\libc_nano.a(libc_a-mallocr.o)
                0x0820a9f0                _malloc_r
 .text.__malloc_lock
                0x0820aae0        0xc d:/siliconlabs/simplicity studio/developer/toolchains/gnu_arm/12.2.rel1_2023.7/bin/../lib/gcc/arm-none-eabi/12.2.1/thumb/v7e-m+fp/softfp\libc_nano.a(libc_a-mlock.o)
                0x0820aae0                __malloc_lock
 .text.__malloc_unlock
                0x0820aaec        0xc d:/siliconlabs/simplicity studio/developer/toolchains/gnu_arm/12.2.rel1_2023.7/bin/../lib/gcc/arm-none-eabi/12.2.1/thumb/v7e-m+fp/softfp\libc_nano.a(libc_a-mlock.o)
                0x0820aaec                __malloc_unlock
 .text.__cvt    0x0820aaf8       0xce d:/siliconlabs/simplicity studio/developer/toolchains/gnu_arm/12.2.rel1_2023.7/bin/../lib/gcc/arm-none-eabi/12.2.1/thumb/v7e-m+fp/softfp\libc_nano.a(libc_a-nano-vfprintf_float.o)
                0x0820aaf8                __cvt
 .text.__exponent
                0x0820abc6       0x74 d:/siliconlabs/simplicity studio/developer/toolchains/gnu_arm/12.2.rel1_2023.7/bin/../lib/gcc/arm-none-eabi/12.2.1/thumb/v7e-m+fp/softfp\libc_nano.a(libc_a-nano-vfprintf_float.o)
                0x0820abc6                __exponent
 *fill*         0x0820ac3a        0x2 
 .text._printf_float
                0x0820ac3c      0x46c d:/siliconlabs/simplicity studio/developer/toolchains/gnu_arm/12.2.rel1_2023.7/bin/../lib/gcc/arm-none-eabi/12.2.1/thumb/v7e-m+fp/softfp\libc_nano.a(libc_a-nano-vfprintf_float.o)
                0x0820ac3c                _printf_float
 .text._printf_common
                0x0820b0a8       0xda d:/siliconlabs/simplicity studio/developer/toolchains/gnu_arm/12.2.rel1_2023.7/bin/../lib/gcc/arm-none-eabi/12.2.1/thumb/v7e-m+fp/softfp\libc_nano.a(libc_a-nano-vfprintf_i.o)
                0x0820b0a8                _printf_common
 *fill*         0x0820b182        0x2 
 .text._printf_i
                0x0820b184      0x258 d:/siliconlabs/simplicity studio/developer/toolchains/gnu_arm/12.2.rel1_2023.7/bin/../lib/gcc/arm-none-eabi/12.2.1/thumb/v7e-m+fp/softfp\libc_nano.a(libc_a-nano-vfprintf_i.o)
                0x0820b184                _printf_i
 .text.std      0x0820b3dc       0x6c d:/siliconlabs/simplicity studio/developer/toolchains/gnu_arm/12.2.rel1_2023.7/bin/../lib/gcc/arm-none-eabi/12.2.1/thumb/v7e-m+fp/softfp\libc_nano.a(libc_a-findfp.o)
 .text.stdio_exit_handler
                0x0820b448       0x18 d:/siliconlabs/simplicity studio/developer/toolchains/gnu_arm/12.2.rel1_2023.7/bin/../lib/gcc/arm-none-eabi/12.2.1/thumb/v7e-m+fp/softfp\libc_nano.a(libc_a-findfp.o)
 .text.cleanup_stdio
                0x0820b460       0x40 d:/siliconlabs/simplicity studio/developer/toolchains/gnu_arm/12.2.rel1_2023.7/bin/../lib/gcc/arm-none-eabi/12.2.1/thumb/v7e-m+fp/softfp\libc_nano.a(libc_a-findfp.o)
 .text.global_stdio_init.part.0
                0x0820b4a0       0x3c d:/siliconlabs/simplicity studio/developer/toolchains/gnu_arm/12.2.rel1_2023.7/bin/../lib/gcc/arm-none-eabi/12.2.1/thumb/v7e-m+fp/softfp\libc_nano.a(libc_a-findfp.o)
 .text.__sfp_lock_acquire
                0x0820b4dc        0xc d:/siliconlabs/simplicity studio/developer/toolchains/gnu_arm/12.2.rel1_2023.7/bin/../lib/gcc/arm-none-eabi/12.2.1/thumb/v7e-m+fp/softfp\libc_nano.a(libc_a-findfp.o)
                0x0820b4dc                __sfp_lock_acquire
 .text.__sfp_lock_release
                0x0820b4e8        0xc d:/siliconlabs/simplicity studio/developer/toolchains/gnu_arm/12.2.rel1_2023.7/bin/../lib/gcc/arm-none-eabi/12.2.1/thumb/v7e-m+fp/softfp\libc_nano.a(libc_a-findfp.o)
                0x0820b4e8                __sfp_lock_release
 .text.__sinit  0x0820b4f4       0x30 d:/siliconlabs/simplicity studio/developer/toolchains/gnu_arm/12.2.rel1_2023.7/bin/../lib/gcc/arm-none-eabi/12.2.1/thumb/v7e-m+fp/softfp\libc_nano.a(libc_a-findfp.o)
                0x0820b4f4                __sinit
 .text.fprintf  0x0820b524       0x24 d:/siliconlabs/simplicity studio/developer/toolchains/gnu_arm/12.2.rel1_2023.7/bin/../lib/gcc/arm-none-eabi/12.2.1/thumb/v7e-m+fp/softfp\libc_nano.a(libc_a-fprintf.o)
                0x0820b524                fiprintf
                0x0820b524                fprintf
 .text._fwalk_sglue
                0x0820b548       0x3c d:/siliconlabs/simplicity studio/developer/toolchains/gnu_arm/12.2.rel1_2023.7/bin/../lib/gcc/arm-none-eabi/12.2.1/thumb/v7e-m+fp/softfp\libc_nano.a(libc_a-fwalk.o)
                0x0820b548                _fwalk_sglue
 .text.printf   0x0820b584       0x24 d:/siliconlabs/simplicity studio/developer/toolchains/gnu_arm/12.2.rel1_2023.7/bin/../lib/gcc/arm-none-eabi/12.2.1/thumb/v7e-m+fp/softfp\libc_nano.a(libc_a-printf.o)
                0x0820b584                iprintf
                0x0820b584                printf
 .text._puts_r  0x0820b5a8       0xaa d:/siliconlabs/simplicity studio/developer/toolchains/gnu_arm/12.2.rel1_2023.7/bin/../lib/gcc/arm-none-eabi/12.2.1/thumb/v7e-m+fp/softfp\libc_nano.a(libc_a-puts.o)
                0x0820b5a8                _puts_r
 *fill*         0x0820b652        0x2 
 .text.puts     0x0820b654       0x10 d:/siliconlabs/simplicity studio/developer/toolchains/gnu_arm/12.2.rel1_2023.7/bin/../lib/gcc/arm-none-eabi/12.2.1/thumb/v7e-m+fp/softfp\libc_nano.a(libc_a-puts.o)
                0x0820b654                puts
 .text.__sread  0x0820b664       0x22 d:/siliconlabs/simplicity studio/developer/toolchains/gnu_arm/12.2.rel1_2023.7/bin/../lib/gcc/arm-none-eabi/12.2.1/thumb/v7e-m+fp/softfp\libc_nano.a(libc_a-stdio.o)
                0x0820b664                __sread
 .text.__swrite